Archive member included to satisfy reference by file (symbol)

c:/programdata/gcc-arm-none-eabi-10.3-2021.10/bin/../lib/gcc/arm-none-eabi/10.3.1/thumb/v7e-m/nofp\libgcc.a(_arm_muldf3.o)
                              CMakeFiles/AD9959_H7.elf.dir/Core/Src/myad9959.c.obj (__aeabi_dmul)
c:/programdata/gcc-arm-none-eabi-10.3-2021.10/bin/../lib/gcc/arm-none-eabi/10.3.1/thumb/v7e-m/nofp\libgcc.a(_arm_mulsf3.o)
                              CMakeFiles/AD9959_H7.elf.dir/Core/Src/system_stm32h7xx.c.obj (__aeabi_fmul)
c:/programdata/gcc-arm-none-eabi-10.3-2021.10/bin/../lib/gcc/arm-none-eabi/10.3.1/thumb/v7e-m/nofp\libgcc.a(_arm_addsubdf3.o)
                              CMakeFiles/AD9959_H7.elf.dir/Core/Src/myad9959.c.obj (__aeabi_i2d)
c:/programdata/gcc-arm-none-eabi-10.3-2021.10/bin/../lib/gcc/arm-none-eabi/10.3.1/thumb/v7e-m/nofp\libgcc.a(_arm_fixunsdfsi.o)
                              CMakeFiles/AD9959_H7.elf.dir/Core/Src/myad9959.c.obj (__aeabi_d2uiz)
c:/programdata/gcc-arm-none-eabi-10.3-2021.10/bin/../lib/gcc/arm-none-eabi/10.3.1/thumb/v7e-m/nofp\libgcc.a(_arm_addsubsf3.o)
                              CMakeFiles/AD9959_H7.elf.dir/Core/Src/system_stm32h7xx.c.obj (__aeabi_fadd)
c:/programdata/gcc-arm-none-eabi-10.3-2021.10/bin/../lib/gcc/arm-none-eabi/10.3.1/thumb/v7e-m/nofp\libgcc.a(_arm_muldivsf3.o)
                              CMakeFiles/AD9959_H7.elf.dir/Core/Src/system_stm32h7xx.c.obj (__aeabi_fdiv)
c:/programdata/gcc-arm-none-eabi-10.3-2021.10/bin/../lib/gcc/arm-none-eabi/10.3.1/thumb/v7e-m/nofp\libgcc.a(_arm_fixunssfsi.o)
                              CMakeFiles/AD9959_H7.elf.dir/Core/Src/system_stm32h7xx.c.obj (__aeabi_f2uiz)
c:/programdata/gcc-arm-none-eabi-10.3-2021.10/bin/../lib/gcc/arm-none-eabi/10.3.1/../../../../arm-none-eabi/lib/thumb/v7e-m/nofp\libg.a(lib_a-errno.o)
                              CMakeFiles/AD9959_H7.elf.dir/Core/Src/syscalls.c.obj (__errno)
c:/programdata/gcc-arm-none-eabi-10.3-2021.10/bin/../lib/gcc/arm-none-eabi/10.3.1/../../../../arm-none-eabi/lib/thumb/v7e-m/nofp\libg.a(lib_a-exit.o)
                              c:/programdata/gcc-arm-none-eabi-10.3-2021.10/bin/../lib/gcc/arm-none-eabi/10.3.1/../../../../arm-none-eabi/lib/thumb/v7e-m/nofp/crt0.o (exit)
c:/programdata/gcc-arm-none-eabi-10.3-2021.10/bin/../lib/gcc/arm-none-eabi/10.3.1/../../../../arm-none-eabi/lib/thumb/v7e-m/nofp\libg.a(lib_a-impure.o)
                              c:/programdata/gcc-arm-none-eabi-10.3-2021.10/bin/../lib/gcc/arm-none-eabi/10.3.1/../../../../arm-none-eabi/lib/thumb/v7e-m/nofp\libg.a(lib_a-exit.o) (_global_impure_ptr)
c:/programdata/gcc-arm-none-eabi-10.3-2021.10/bin/../lib/gcc/arm-none-eabi/10.3.1/../../../../arm-none-eabi/lib/thumb/v7e-m/nofp\libg.a(lib_a-init.o)
                              c:/programdata/gcc-arm-none-eabi-10.3-2021.10/bin/../lib/gcc/arm-none-eabi/10.3.1/../../../../arm-none-eabi/lib/thumb/v7e-m/nofp/crt0.o (__libc_init_array)
c:/programdata/gcc-arm-none-eabi-10.3-2021.10/bin/../lib/gcc/arm-none-eabi/10.3.1/../../../../arm-none-eabi/lib/thumb/v7e-m/nofp\libg.a(lib_a-memset.o)
                              c:/programdata/gcc-arm-none-eabi-10.3-2021.10/bin/../lib/gcc/arm-none-eabi/10.3.1/../../../../arm-none-eabi/lib/thumb/v7e-m/nofp/crt0.o (memset)
c:/programdata/gcc-arm-none-eabi-10.3-2021.10/bin/../lib/gcc/arm-none-eabi/10.3.1/../../../../arm-none-eabi/lib/thumb/v7e-m/nofp\libg.a(lib_a-__call_atexit.o)
                              c:/programdata/gcc-arm-none-eabi-10.3-2021.10/bin/../lib/gcc/arm-none-eabi/10.3.1/../../../../arm-none-eabi/lib/thumb/v7e-m/nofp\libg.a(lib_a-exit.o) (__call_exitprocs)
c:/programdata/gcc-arm-none-eabi-10.3-2021.10/bin/../lib/gcc/arm-none-eabi/10.3.1/../../../../arm-none-eabi/lib/thumb/v7e-m/nofp\libg.a(lib_a-atexit.o)
                              c:/programdata/gcc-arm-none-eabi-10.3-2021.10/bin/../lib/gcc/arm-none-eabi/10.3.1/../../../../arm-none-eabi/lib/thumb/v7e-m/nofp\libg.a(lib_a-__call_atexit.o) (atexit)
c:/programdata/gcc-arm-none-eabi-10.3-2021.10/bin/../lib/gcc/arm-none-eabi/10.3.1/../../../../arm-none-eabi/lib/thumb/v7e-m/nofp\libg.a(lib_a-fini.o)
                              c:/programdata/gcc-arm-none-eabi-10.3-2021.10/bin/../lib/gcc/arm-none-eabi/10.3.1/../../../../arm-none-eabi/lib/thumb/v7e-m/nofp\libg.a(lib_a-__call_atexit.o) (__libc_fini_array)
c:/programdata/gcc-arm-none-eabi-10.3-2021.10/bin/../lib/gcc/arm-none-eabi/10.3.1/../../../../arm-none-eabi/lib/thumb/v7e-m/nofp\libg.a(lib_a-lock.o)
                              c:/programdata/gcc-arm-none-eabi-10.3-2021.10/bin/../lib/gcc/arm-none-eabi/10.3.1/../../../../arm-none-eabi/lib/thumb/v7e-m/nofp\libg.a(lib_a-__call_atexit.o) (__retarget_lock_acquire_recursive)
c:/programdata/gcc-arm-none-eabi-10.3-2021.10/bin/../lib/gcc/arm-none-eabi/10.3.1/../../../../arm-none-eabi/lib/thumb/v7e-m/nofp\libg.a(lib_a-__atexit.o)
[...]
Memory Configuration

Name             Origin             Length             Attributes
FLASH            0x08000000         0x00200000         xr
DTCMRAM          0x20000000         0x00020000         xrw
RAM_D1           0x24000000         0x00080000         xrw
RAM_D2           0x30000000         0x00048000         xrw
RAM_D3           0x38000000         0x00010000         xrw
ITCMRAM          0x00000000         0x00010000         xrw
*default*        0x00000000         0xffffffff

Linker script and memory map

LOAD c:/programdata/gcc-arm-none-eabi-10.3-2021.10/bin/../lib/gcc/arm-none-eabi/10.3.1/thumb/v7e-m/nofp/crti.o
LOAD c:/programdata/gcc-arm-none-eabi-10.3-2021.10/bin/../lib/gcc/arm-none-eabi/10.3.1/thumb/v7e-m/nofp/crtbegin.o
LOAD c:/programdata/gcc-arm-none-eabi-10.3-2021.10/bin/../lib/gcc/arm-none-eabi/10.3.1/../../../../arm-none-eabi/lib/thumb/v7e-m/nofp/crt0.o
LOAD CMakeFiles/AD9959_H7.elf.dir/Core/Src/gpio.c.obj
LOAD CMakeFiles/AD9959_H7.elf.dir/Core/Src/main.c.obj
LOAD CMakeFiles/AD9959_H7.elf.dir/Core/Src/myad9959.c.obj
LOAD CMakeFiles/AD9959_H7.elf.dir/Core/Src/spi.c.obj
LOAD CMakeFiles/AD9959_H7.elf.dir/Core/Src/stm32h7xx_hal_msp.c.obj
LOAD CMakeFiles/AD9959_H7.elf.dir/Core/Src/stm32h7xx_it.c.obj
LOAD CMakeFiles/AD9959_H7.elf.dir/Core/Src/syscalls.c.obj
LOAD CMakeFiles/AD9959_H7.elf.dir/Core/Src/sysmem.c.obj
LOAD CMakeFiles/AD9959_H7.elf.dir/Core/Src/system_stm32h7xx.c.obj
LOAD CMakeFiles/AD9959_H7.elf.dir/Core/Startup/startup_stm32h743vitx.s.obj
LOAD CMakeFiles/AD9959_H7.elf.dir/Drivers/STM32H7xx_HAL_Driver/Src/stm32h7xx_hal.c.obj
LOAD CMakeFiles/AD9959_H7.elf.dir/Drivers/STM32H7xx_HAL_Driver/Src/stm32h7xx_hal_cortex.c.obj
LOAD CMakeFiles/AD9959_H7.elf.dir/Drivers/STM32H7xx_HAL_Driver/Src/stm32h7xx_hal_dma.c.obj
LOAD CMakeFiles/AD9959_H7.elf.dir/Drivers/STM32H7xx_HAL_Driver/Src/stm32h7xx_hal_dma_ex.c.obj
LOAD CMakeFiles/AD9959_H7.elf.dir/Drivers/STM32H7xx_HAL_Driver/Src/stm32h7xx_hal_exti.c.obj
LOAD CMakeFiles/AD9959_H7.elf.dir/Drivers/STM32H7xx_HAL_Driver/Src/stm32h7xx_hal_flash.c.obj
LOAD CMakeFiles/AD9959_H7.elf.dir/Drivers/STM32H7xx_HAL_Driver/Src/stm32h7xx_hal_flash_ex.c.obj
LOAD CMakeFiles/AD9959_H7.elf.dir/Drivers/STM32H7xx_HAL_Driver/Src/stm32h7xx_hal_gpio.c.obj
LOAD CMakeFiles/AD9959_H7.elf.dir/Drivers/STM32H7xx_HAL_Driver/Src/stm32h7xx_hal_hsem.c.obj
LOAD CMakeFiles/AD9959_H7.elf.dir/Drivers/STM32H7xx_HAL_Driver/Src/stm32h7xx_hal_i2c.c.obj
LOAD CMakeFiles/AD9959_H7.elf.dir/Drivers/STM32H7xx_HAL_Driver/Src/stm32h7xx_hal_i2c_ex.c.obj
LOAD CMakeFiles/AD9959_H7.elf.dir/Drivers/STM32H7xx_HAL_Driver/Src/stm32h7xx_hal_mdma.c.obj
LOAD CMakeFiles/AD9959_H7.elf.dir/Drivers/STM32H7xx_HAL_Driver/Src/stm32h7xx_hal_pwr.c.obj
LOAD CMakeFiles/AD9959_H7.elf.dir/Drivers/STM32H7xx_HAL_Driver/Src/stm32h7xx_hal_pwr_ex.c.obj
LOAD CMakeFiles/AD9959_H7.elf.dir/Drivers/STM32H7xx_HAL_Driver/Src/stm32h7xx_hal_rcc.c.obj
LOAD CMakeFiles/AD9959_H7.elf.dir/Drivers/STM32H7xx_HAL_Driver/Src/stm32h7xx_hal_rcc_ex.c.obj
LOAD CMakeFiles/AD9959_H7.elf.dir/Drivers/STM32H7xx_HAL_Driver/Src/stm32h7xx_hal_spi.c.obj
LOAD CMakeFiles/AD9959_H7.elf.dir/Drivers/STM32H7xx_HAL_Driver/Src/stm32h7xx_hal_spi_ex.c.obj
LOAD CMakeFiles/AD9959_H7.elf.dir/Drivers/STM32H7xx_HAL_Driver/Src/stm32h7xx_hal_tim.c.obj
LOAD CMakeFiles/AD9959_H7.elf.dir/Drivers/STM32H7xx_HAL_Driver/Src/stm32h7xx_hal_tim_ex.c.obj
START GROUP
LOAD c:/programdata/gcc-arm-none-eabi-10.3-2021.10/bin/../lib/gcc/arm-none-eabi/10.3.1/thumb/v7e-m/nofp\libgcc.a
LOAD c:/programdata/gcc-arm-none-eabi-10.3-2021.10/bin/../lib/gcc/arm-none-eabi/10.3.1/../../../../arm-none-eabi/lib/thumb/v7e-m/nofp\libg.a
LOAD c:/programdata/gcc-arm-none-eabi-10.3-2021.10/bin/../lib/gcc/arm-none-eabi/10.3.1/../../../../arm-none-eabi/lib/thumb/v7e-m/nofp\libc.a
END GROUP
LOAD c:/programdata/gcc-arm-none-eabi-10.3-2021.10/bin/../lib/gcc/arm-none-eabi/10.3.1/thumb/v7e-m/nofp/crtend.o
LOAD c:/programdata/gcc-arm-none-eabi-10.3-2021.10/bin/../lib/gcc/arm-none-eabi/10.3.1/thumb/v7e-m/nofp/crtn.o
                0x24080000                _estack = (ORIGIN (RAM_D1) + LENGTH (RAM_D1))
                0x00000200                _Min_Heap_Size = 0x200
                0x00000400                _Min_Stack_Size = 0x400

.isr_vector     0x08000000      0x298
                0x08000000                . = ALIGN (0x4)
 *(.isr_vector)
 .isr_vector    0x08000000      0x298 CMakeFiles/AD9959_H7.elf.dir/Core/Startup/startup_stm32h743vitx.s.obj
                0x08000000                g_pfnVectors
                0x08000298                . = ALIGN (0x4)

.text           0x08000298     0x38d0
                0x08000298                . = ALIGN (0x4)
 *(.text)
 .text          0x08000298       0x40 c:/programdata/gcc-arm-none-eabi-10.3-2021.10/bin/../lib/gcc/arm-none-eabi/10.3.1/thumb/v7e-m/nofp/crtbegin.o
 .text          0x080002d8      0x254 c:/programdata/gcc-arm-none-eabi-10.3-2021.10/bin/../lib/gcc/arm-none-eabi/10.3.1/thumb/v7e-m/nofp\libgcc.a(_arm_muldf3.o)
                0x080002d8                __muldf3
                0x080002d8                __aeabi_dmul
 .text          0x0800052c      0x378 c:/programdata/gcc-arm-none-eabi-10.3-2021.10/bin/../lib/gcc/arm-none-eabi/10.3.1/thumb/v7e-m/nofp\libgcc.a(_arm_addsubdf3.o)
                0x0800052c                __aeabi_drsub
                0x08000534                __aeabi_dsub
                0x08000534                __subdf3
                0x08000538                __aeabi_dadd
                0x08000538                __adddf3
                0x080007b0                __floatunsidf
                0x080007b0                __aeabi_ui2d
                0x080007d0                __floatsidf
                0x080007d0                __aeabi_i2d
                0x080007f4                __aeabi_f2d
                0x080007f4                __extendsfdf2
                0x08000838                __floatundidf
                0x08000838                __aeabi_ul2d
                0x08000848                __floatdidf
                0x08000848                __aeabi_l2d
 .text          0x080008a4       0x40 c:/programdata/gcc-arm-none-eabi-10.3-2021.10/bin/../lib/gcc/arm-none-eabi/10.3.1/thumb/v7e-m/nofp\libgcc.a(_arm_fixunsdfsi.o)
                0x080008a4                __aeabi_d2uiz
                0x080008a4                __fixunsdfsi
 .text          0x080008e4      0x21c c:/programdata/gcc-arm-none-eabi-10.3-2021.10/bin/../lib/gcc/arm-none-eabi/10.3.1/thumb/v7e-m/nofp\libgcc.a(_arm_addsubsf3.o)
                0x080008e4                __aeabi_frsub
                0x080008ec                __subsf3
                0x080008ec                __aeabi_fsub
                0x080008f0                __aeabi_fadd
                0x080008f0                __addsf3
                0x08000a50                __aeabi_ui2f
                0x08000a50                __floatunsisf
                0x08000a58                __aeabi_i2f
                0x08000a58                __floatsisf
                0x08000a74                __aeabi_ul2f
                0x08000a74                __floatundisf
                0x08000a84                __aeabi_l2f
                0x08000a84                __floatdisf
 .text          0x08000b00      0x2a0 c:/programdata/gcc-arm-none-eabi-10.3-2021.10/bin/../lib/gcc/arm-none-eabi/10.3.1/thumb/v7e-m/nofp\libgcc.a(_arm_muldivsf3.o)
                0x08000b00                __mulsf3
                0x08000b00                __aeabi_fmul
                0x08000c68                __aeabi_fdiv
                0x08000c68                __divsf3
 .text          0x08000da0       0x40 c:/programdata/gcc-arm-none-eabi-10.3-2021.10/bin/../lib/gcc/arm-none-eabi/10.3.1/thumb/v7e-m/nofp\libgcc.a(_arm_fixunssfsi.o)
                0x08000da0                __fixunssfsi
                0x08000da0                __aeabi_f2uiz
 *(.text*)
 .text.MX_GPIO_Init
                0x08000de0       0xdc CMakeFiles/AD9959_H7.elf.dir/Core/Src/gpio.c.obj
                0x08000de0                MX_GPIO_Init
 .text.MPU_Config
                0x08000ebc       0x52 CMakeFiles/AD9959_H7.elf.dir/Core/Src/main.c.obj
 .text.Error_Handler
                0x08000f0e        0x4 CMakeFiles/AD9959_H7.elf.dir/Core/Src/main.c.obj
                0x08000f0e                Error_Handler
 *fill*         0x08000f12        0x2 
 .text.SystemClock_Config
                0x08000f14       0xbc CMakeFiles/AD9959_H7.elf.dir/Core/Src/main.c.obj
                0x08000f14                SystemClock_Config
 .text.main     0x08000fd0       0xa8 CMakeFiles/AD9959_H7.elf.dir/Core/Src/main.c.obj
                0x08000fd0                main
 .text.ad9959_delay
                0x08001078       0x24 CMakeFiles/AD9959_H7.elf.dir/Core/Src/myad9959.c.obj
                0x08001078                ad9959_delay
 .text.ad9959_init
                0x0800109c       0xa0 CMakeFiles/AD9959_H7.elf.dir/Core/Src/myad9959.c.obj
                0x0800109c                ad9959_init
 .text.IO_update
                0x0800113c       0x3c CMakeFiles/AD9959_H7.elf.dir/Core/Src/myad9959.c.obj
                0x0800113c                IO_update
 .text.AD9959_WriteData_SPI
                0x08001178       0x54 CMakeFiles/AD9959_H7.elf.dir/Core/Src/myad9959.c.obj
                0x08001178                AD9959_WriteData_SPI
 .text.AD9959_WriteData_Unified
                0x080011cc        0x8 CMakeFiles/AD9959_H7.elf.dir/Core/Src/myad9959.c.obj
                0x080011cc                AD9959_WriteData_Unified
 *fill*         0x080011d4        0x4 
 .text.AD9959_Get_CFTW0_Data
                0x080011d8       0x30 CMakeFiles/AD9959_H7.elf.dir/Core/Src/myad9959.c.obj
                0x080011d8                AD9959_Get_CFTW0_Data
 .text.AD9959_Get_CPOW0_Data
                0x08001208       0x28 CMakeFiles/AD9959_H7.elf.dir/Core/Src/myad9959.c.obj
                0x08001208                AD9959_Get_CPOW0_Data
 .text.AD9959_Get_ACR_Data
                0x08001230        0xe CMakeFiles/AD9959_H7.elf.dir/Core/Src/myad9959.c.obj
                0x08001230                AD9959_Get_ACR_Data
 *fill*         0x0800123e        0x2 
 .text.ad9959_channel_sel_enable
                0x08001240       0x20 CMakeFiles/AD9959_H7.elf.dir/Core/Src/myad9959.c.obj
                0x08001240                ad9959_channel_sel_enable
 .text.ad9959_set_signal_out
                0x08001260       0x90 CMakeFiles/AD9959_H7.elf.dir/Core/Src/myad9959.c.obj
                0x08001260                ad9959_set_signal_out
 .text.ad9959_sweep_frequency
                0x080012f0       0xe4 CMakeFiles/AD9959_H7.elf.dir/Core/Src/myad9959.c.obj
                0x080012f0                ad9959_sweep_frequency
 .text.MX_SPI2_Init
                0x080013d4       0x60 CMakeFiles/AD9959_H7.elf.dir/Core/Src/spi.c.obj
                0x080013d4                MX_SPI2_Init
 .text.MX_SPI3_Init
                0x08001434       0x5c CMakeFiles/AD9959_H7.elf.dir/Core/Src/spi.c.obj
                0x08001434                MX_SPI3_Init
 .text.HAL_SPI_MspInit
                0x08001490      0x110 CMakeFiles/AD9959_H7.elf.dir/Core/Src/spi.c.obj
                0x08001490                HAL_SPI_MspInit
 .text.HAL_MspInit
                0x080015a0       0x24 CMakeFiles/AD9959_H7.elf.dir/Core/Src/stm32h7xx_hal_msp.c.obj
                0x080015a0                HAL_MspInit
 .text.NMI_Handler
                0x080015c4        0x2 CMakeFiles/AD9959_H7.elf.dir/Core/Src/stm32h7xx_it.c.obj
                0x080015c4                NMI_Handler
 .text.HardFault_Handler
                0x080015c6        0x2 CMakeFiles/AD9959_H7.elf.dir/Core/Src/stm32h7xx_it.c.obj
                0x080015c6                HardFault_Handler
 .text.MemManage_Handler
                0x080015c8        0x2 CMakeFiles/AD9959_H7.elf.dir/Core/Src/stm32h7xx_it.c.obj
                0x080015c8                MemManage_Handler
 .text.BusFault_Handler
                0x080015ca        0x2 CMakeFiles/AD9959_H7.elf.dir/Core/Src/stm32h7xx_it.c.obj
                0x080015ca                BusFault_Handler
 .text.UsageFault_Handler
                0x080015cc        0x2 CMakeFiles/AD9959_H7.elf.dir/Core/Src/stm32h7xx_it.c.obj
                0x080015cc                UsageFault_Handler
 .text.SVC_Handler
                0x080015ce        0x2 CMakeFiles/AD9959_H7.elf.dir/Core/Src/stm32h7xx_it.c.obj
                0x080015ce                SVC_Handler
 .text.DebugMon_Handler
                0x080015d0        0x2 CMakeFiles/AD9959_H7.elf.dir/Core/Src/stm32h7xx_it.c.obj
                0x080015d0                DebugMon_Handler
 .text.PendSV_Handler
                0x080015d2        0x2 CMakeFiles/AD9959_H7.elf.dir/Core/Src/stm32h7xx_it.c.obj
                0x080015d2                PendSV_Handler
 .text.SysTick_Handler
                0x080015d4        0x8 CMakeFiles/AD9959_H7.elf.dir/Core/Src/stm32h7xx_it.c.obj
                0x080015d4                SysTick_Handler
 .text.SystemInit
                0x080015dc       0xe0 CMakeFiles/AD9959_H7.elf.dir/Core/Src/system_stm32h7xx.c.obj
                0x080015dc                SystemInit
 .text.ExitRun0Mode
                0x080016bc       0x1c CMakeFiles/AD9959_H7.elf.dir/Core/Src/system_stm32h7xx.c.obj
                0x080016bc                ExitRun0Mode
 .text.Reset_Handler
                0x080016d8       0x54 CMakeFiles/AD9959_H7.elf.dir/Core/Startup/startup_stm32h743vitx.s.obj
                0x080016d8                Reset_Handler
 .text.Default_Handler
                0x0800172c        0x2 CMakeFiles/AD9959_H7.elf.dir/Core/Startup/startup_stm32h743vitx.s.obj
                0x0800172c                RTC_Alarm_IRQHandler
                0x0800172c                EXTI2_IRQHandler
                0x0800172c                TIM8_CC_IRQHandler
                0x0800172c                HRTIM1_Master_IRQHandler
                0x0800172c                UART8_IRQHandler
                0x0800172c                SPI4_IRQHandler
                0x0800172c                TIM1_CC_IRQHandler
                0x0800172c                BDMA_Channel6_IRQHandler
                0x0800172c                DMA2_Stream5_IRQHandler
                0x0800172c                HRTIM1_FLT_IRQHandler
                0x0800172c                JPEG_IRQHandler
                0x0800172c                DMA1_Stream5_IRQHandler
                0x0800172c                BDMA_Channel1_IRQHandler
                0x0800172c                HRTIM1_TIMD_IRQHandler
                0x0800172c                TAMP_STAMP_IRQHandler
                0x0800172c                EXTI3_IRQHandler
                0x0800172c                LPTIM4_IRQHandler
                0x0800172c                TIM8_TRG_COM_TIM14_IRQHandler
                0x0800172c                LPTIM2_IRQHandler
                0x0800172c                DFSDM1_FLT1_IRQHandler
                0x0800172c                DMAMUX2_OVR_IRQHandler
                0x0800172c                TIM8_UP_TIM13_IRQHandler
                0x0800172c                I2C3_ER_IRQHandler
                0x0800172c                DFSDM1_FLT2_IRQHandler
                0x0800172c                MDMA_IRQHandler
                0x0800172c                LPTIM3_IRQHandler
                0x0800172c                HSEM1_IRQHandler
                0x0800172c                EXTI0_IRQHandler
                0x0800172c                I2C2_EV_IRQHandler
                0x0800172c                DMA1_Stream2_IRQHandler
                0x0800172c                FPU_IRQHandler
                0x0800172c                OTG_HS_WKUP_IRQHandler
                0x0800172c                FDCAN1_IT1_IRQHandler
                0x0800172c                LTDC_ER_IRQHandler
                0x0800172c                DMA2_Stream2_IRQHandler
                0x0800172c                HRTIM1_TIME_IRQHandler
                0x0800172c                SPI1_IRQHandler
                0x0800172c                TIM6_DAC_IRQHandler
                0x0800172c                DCMI_IRQHandler
                0x0800172c                HRTIM1_TIMC_IRQHandler
                0x0800172c                DMA2_Stream3_IRQHandler
                0x0800172c                SAI2_IRQHandler
                0x0800172c                DFSDM1_FLT3_IRQHandler
                0x0800172c                USART6_IRQHandler
                0x0800172c                TIM17_IRQHandler
                0x0800172c                USART3_IRQHandler
                0x0800172c                BDMA_Channel7_IRQHandler
                0x0800172c                LPTIM5_IRQHandler
                0x0800172c                UART5_IRQHandler
                0x0800172c                ADC3_IRQHandler
                0x0800172c                DMA2_Stream0_IRQHandler
                0x0800172c                TIM4_IRQHandler
                0x0800172c                BDMA_Channel2_IRQHandler
                0x0800172c                QUADSPI_IRQHandler
                0x0800172c                I2C1_EV_IRQHandler
                0x0800172c                DMA1_Stream6_IRQHandler
                0x0800172c                DMAMUX1_OVR_IRQHandler
                0x0800172c                DMA1_Stream1_IRQHandler
                0x0800172c                TIM16_IRQHandler
                0x0800172c                UART4_IRQHandler
                0x0800172c                BDMA_Channel5_IRQHandler
                0x0800172c                TIM3_IRQHandler
                0x0800172c                RCC_IRQHandler
                0x0800172c                TIM8_BRK_TIM12_IRQHandler
                0x0800172c                TIM1_TRG_COM_IRQHandler
                0x0800172c                Default_Handler
                0x0800172c                ECC_IRQHandler
                0x0800172c                CEC_IRQHandler
                0x0800172c                EXTI15_10_IRQHandler
                0x0800172c                BDMA_Channel0_IRQHandler
                0x0800172c                ADC_IRQHandler
                0x0800172c                DMA1_Stream7_IRQHandler
                0x0800172c                HRTIM1_TIMA_IRQHandler
                0x0800172c                SPI5_IRQHandler
                0x0800172c                TIM7_IRQHandler
                0x0800172c                SDMMC1_IRQHandler
                0x0800172c                TIM5_IRQHandler
                0x0800172c                DMA2_Stream7_IRQHandler
                0x0800172c                TIM15_IRQHandler
                0x0800172c                PVD_AVD_IRQHandler
                0x0800172c                I2C3_EV_IRQHandler
                0x0800172c                EXTI9_5_IRQHandler
                0x0800172c                RTC_WKUP_IRQHandler
                0x0800172c                LTDC_IRQHandler
                0x0800172c                SAI3_IRQHandler
                0x0800172c                ETH_WKUP_IRQHandler
                0x0800172c                SPDIF_RX_IRQHandler
                0x0800172c                SPI2_IRQHandler
                0x0800172c                OTG_HS_EP1_IN_IRQHandler
                0x0800172c                DMA1_Stream0_IRQHandler
                0x0800172c                CRS_IRQHandler
                0x0800172c                EXTI4_IRQHandler
                0x0800172c                RNG_IRQHandler
                0x0800172c                HRTIM1_TIMB_IRQHandler
                0x0800172c                FDCAN2_IT1_IRQHandler
                0x0800172c                ETH_IRQHandler
                0x0800172c                TIM1_UP_IRQHandler
                0x0800172c                BDMA_Channel4_IRQHandler
                0x0800172c                OTG_HS_EP1_OUT_IRQHandler
                0x0800172c                WWDG_IRQHandler
                0x0800172c                SPI6_IRQHandler
                0x0800172c                MDIOS_IRQHandler
                0x0800172c                I2C4_EV_IRQHandler
                0x0800172c                FDCAN2_IT0_IRQHandler
                0x0800172c                LPUART1_IRQHandler
                0x0800172c                FDCAN1_IT0_IRQHandler
                0x0800172c                TIM2_IRQHandler
                0x0800172c                OTG_FS_WKUP_IRQHandler
                0x0800172c                OTG_HS_IRQHandler
                0x0800172c                DMA2D_IRQHandler
                0x0800172c                TIM1_BRK_IRQHandler
                0x0800172c                EXTI1_IRQHandler
                0x0800172c                SDMMC2_IRQHandler
                0x0800172c                OTG_FS_EP1_OUT_IRQHandler
                0x0800172c                BDMA_Channel3_IRQHandler
                0x0800172c                UART7_IRQHandler
                0x0800172c                MDIOS_WKUP_IRQHandler
                0x0800172c                USART2_IRQHandler
                0x0800172c                DFSDM1_FLT0_IRQHandler
                0x0800172c                SAI4_IRQHandler
                0x0800172c                I2C2_ER_IRQHandler
                0x0800172c                DMA2_Stream1_IRQHandler
                0x0800172c                FLASH_IRQHandler
                0x0800172c                DMA2_Stream4_IRQHandler
                0x0800172c                USART1_IRQHandler
                0x0800172c                OTG_FS_IRQHandler
                0x0800172c                SPI3_IRQHandler
                0x0800172c                WAKEUP_PIN_IRQHandler
                0x0800172c                DMA1_Stream4_IRQHandler
                0x0800172c                OTG_FS_EP1_IN_IRQHandler
                0x0800172c                I2C1_ER_IRQHandler
                0x0800172c                FMC_IRQHandler
                0x0800172c                FDCAN_CAL_IRQHandler
                0x0800172c                SWPMI1_IRQHandler
                0x0800172c                COMP1_IRQHandler
                0x0800172c                LPTIM1_IRQHandler
                0x0800172c                I2C4_ER_IRQHandler
                0x0800172c                DMA2_Stream6_IRQHandler
                0x0800172c                SAI1_IRQHandler
                0x0800172c                DMA1_Stream3_IRQHandler
 *fill*         0x0800172e        0x2 
 .text.HAL_InitTick
                0x08001730       0x50 CMakeFiles/AD9959_H7.elf.dir/Drivers/STM32H7xx_HAL_Driver/Src/stm32h7xx_hal.c.obj
                0x08001730                HAL_InitTick
 .text.HAL_Init
                0x08001780       0x5c CMakeFiles/AD9959_H7.elf.dir/Drivers/STM32H7xx_HAL_Driver/Src/stm32h7xx_hal.c.obj
                0x08001780                HAL_Init
 .text.HAL_IncTick
                0x080017dc       0x18 CMakeFiles/AD9959_H7.elf.dir/Drivers/STM32H7xx_HAL_Driver/Src/stm32h7xx_hal.c.obj
                0x080017dc                HAL_IncTick
 .text.HAL_GetTick
                0x080017f4        0xc CMakeFiles/AD9959_H7.elf.dir/Drivers/STM32H7xx_HAL_Driver/Src/stm32h7xx_hal.c.obj
                0x080017f4                HAL_GetTick
 .text.HAL_Delay
                0x08001800       0x28 CMakeFiles/AD9959_H7.elf.dir/Drivers/STM32H7xx_HAL_Driver/Src/stm32h7xx_hal.c.obj
                0x08001800                HAL_Delay
 .text.HAL_GetREVID
                0x08001828        0xc CMakeFiles/AD9959_H7.elf.dir/Drivers/STM32H7xx_HAL_Driver/Src/stm32h7xx_hal.c.obj
                0x08001828                HAL_GetREVID
 .text.HAL_NVIC_SetPriorityGrouping
                0x08001834       0x24 CMakeFiles/AD9959_H7.elf.dir/Drivers/STM32H7xx_HAL_Driver/Src/stm32h7xx_hal_cortex.c.obj
                0x08001834                HAL_NVIC_SetPriorityGrouping
 .text.HAL_NVIC_SetPriority
                0x08001858       0x6c CMakeFiles/AD9959_H7.elf.dir/Drivers/STM32H7xx_HAL_Driver/Src/stm32h7xx_hal_cortex.c.obj
                0x08001858                HAL_NVIC_SetPriority
 .text.HAL_SYSTICK_Config
                0x080018c4       0x28 CMakeFiles/AD9959_H7.elf.dir/Drivers/STM32H7xx_HAL_Driver/Src/stm32h7xx_hal_cortex.c.obj
                0x080018c4                HAL_SYSTICK_Config
 .text.HAL_MPU_Disable
                0x080018ec       0x1c CMakeFiles/AD9959_H7.elf.dir/Drivers/STM32H7xx_HAL_Driver/Src/stm32h7xx_hal_cortex.c.obj
                0x080018ec                HAL_MPU_Disable
 .text.HAL_MPU_Enable
                0x08001908       0x20 CMakeFiles/AD9959_H7.elf.dir/Drivers/STM32H7xx_HAL_Driver/Src/stm32h7xx_hal_cortex.c.obj
                0x08001908                HAL_MPU_Enable
 .text.HAL_MPU_ConfigRegion
                0x08001928       0x58 CMakeFiles/AD9959_H7.elf.dir/Drivers/STM32H7xx_HAL_Driver/Src/stm32h7xx_hal_cortex.c.obj
                0x08001928                HAL_MPU_ConfigRegion
 .text.HAL_GPIO_Init
                0x08001980      0x228 CMakeFiles/AD9959_H7.elf.dir/Drivers/STM32H7xx_HAL_Driver/Src/stm32h7xx_hal_gpio.c.obj
                0x08001980                HAL_GPIO_Init
 .text.HAL_GPIO_WritePin
                0x08001ba8        0xc CMakeFiles/AD9959_H7.elf.dir/Drivers/STM32H7xx_HAL_Driver/Src/stm32h7xx_hal_gpio.c.obj
                0x08001ba8                HAL_GPIO_WritePin
 .text.HAL_PWREx_ConfigSupply
                0x08001bb4       0x54 CMakeFiles/AD9959_H7.elf.dir/Drivers/STM32H7xx_HAL_Driver/Src/stm32h7xx_hal_pwr_ex.c.obj
                0x08001bb4                HAL_PWREx_ConfigSupply
 .text.HAL_RCC_OscConfig
                0x08001c08      0x6b4 CMakeFiles/AD9959_H7.elf.dir/Drivers/STM32H7xx_HAL_Driver/Src/stm32h7xx_hal_rcc.c.obj
                0x08001c08                HAL_RCC_OscConfig
 .text.HAL_RCC_GetSysClockFreq
                0x080022bc      0x218 CMakeFiles/AD9959_H7.elf.dir/Drivers/STM32H7xx_HAL_Driver/Src/stm32h7xx_hal_rcc.c.obj
                0x080022bc                HAL_RCC_GetSysClockFreq
 .text.HAL_RCC_ClockConfig
                0x080024d4      0x294 CMakeFiles/AD9959_H7.elf.dir/Drivers/STM32H7xx_HAL_Driver/Src/stm32h7xx_hal_rcc.c.obj
                0x080024d4                HAL_RCC_ClockConfig
 .text.RCCEx_PLL2_Config
                0x08002768      0x10c CMakeFiles/AD9959_H7.elf.dir/Drivers/STM32H7xx_HAL_Driver/Src/stm32h7xx_hal_rcc_ex.c.obj
 .text.RCCEx_PLL3_Config
                0x08002874      0x10c CMakeFiles/AD9959_H7.elf.dir/Drivers/STM32H7xx_HAL_Driver/Src/stm32h7xx_hal_rcc_ex.c.obj
 .text.HAL_RCCEx_PeriphCLKConfig
                0x08002980      0xa8c CMakeFiles/AD9959_H7.elf.dir/Drivers/STM32H7xx_HAL_Driver/Src/stm32h7xx_hal_rcc_ex.c.obj
                0x08002980                HAL_RCCEx_PeriphCLKConfig
 .text.SPI_CloseTransfer
                0x0800340c       0xcc CMakeFiles/AD9959_H7.elf.dir/Drivers/STM32H7xx_HAL_Driver/Src/stm32h7xx_hal_spi.c.obj
 .text.SPI_GetPacketSize
                0x080034d8       0x10 CMakeFiles/AD9959_H7.elf.dir/Drivers/STM32H7xx_HAL_Driver/Src/stm32h7xx_hal_spi.c.obj
 .text.SPI_WaitOnFlagUntilTimeout
                0x080034e8       0x46 CMakeFiles/AD9959_H7.elf.dir/Drivers/STM32H7xx_HAL_Driver/Src/stm32h7xx_hal_spi.c.obj
 *fill*         0x0800352e        0x2 
 .text.HAL_SPI_Init
                0x08003530      0x190 CMakeFiles/AD9959_H7.elf.dir/Drivers/STM32H7xx_HAL_Driver/Src/stm32h7xx_hal_spi.c.obj
                0x08003530                HAL_SPI_Init
 .text.HAL_SPI_Transmit
                0x080036c0      0x2c4 CMakeFiles/AD9959_H7.elf.dir/Drivers/STM32H7xx_HAL_Driver/Src/stm32h7xx_hal_spi.c.obj
                0x080036c0                HAL_SPI_Transmit
 .text.__libc_init_array
                0x08003984       0x48 c:/programdata/gcc-arm-none-eabi-10.3-2021.10/bin/../lib/gcc/arm-none-eabi/10.3.1/../../../../arm-none-eabi/lib/thumb/v7e-m/nofp\libg.a(lib_a-init.o)
                0x08003984                __libc_init_array
 .text.memset   0x080039cc       0xa4 c:/programdata/gcc-arm-none-eabi-10.3-2021.10/bin/../lib/gcc/arm-none-eabi/10.3.1/../../../../arm-none-eabi/lib/thumb/v7e-m/nofp\libg.a(lib_a-memset.o)
                0x080039cc                memset
 .text.startup.register_fini
                0x08003a70       0x14 c:/programdata/gcc-arm-none-eabi-10.3-2021.10/bin/../lib/gcc/arm-none-eabi/10.3.1/../../../../arm-none-eabi/lib/thumb/v7e-m/nofp\libg.a(lib_a-__call_atexit.o)
 .text.atexit   0x08003a84        0xc c:/programdata/gcc-arm-none-eabi-10.3-2021.10/bin/../lib/gcc/arm-none-eabi/10.3.1/../../../../arm-none-eabi/lib/thumb/v7e-m/nofp\libg.a(lib_a-atexit.o)
                0x08003a84                atexit
 .text.__libc_fini_array
                0x08003a90       0x2c c:/programdata/gcc-arm-none-eabi-10.3-2021.10/bin/../lib/gcc/arm-none-eabi/10.3.1/../../../../arm-none-eabi/lib/thumb/v7e-m/nofp\libg.a(lib_a-fini.o)
                0x08003a90                __libc_fini_array
 .text.__retarget_lock_acquire_recursive
                0x08003abc        0x4 c:/programdata/gcc-arm-none-eabi-10.3-2021.10/bin/../lib/gcc/arm-none-eabi/10.3.1/../../../../arm-none-eabi/lib/thumb/v7e-m/nofp\libg.a(lib_a-lock.o)
                0x08003abc                __retarget_lock_acquire_recursive
 .text.__retarget_lock_release_recursive
                0x08003ac0        0x4 c:/programdata/gcc-arm-none-eabi-10.3-2021.10/bin/../lib/gcc/arm-none-eabi/10.3.1/../../../../arm-none-eabi/lib/thumb/v7e-m/nofp\libg.a(lib_a-lock.o)
                0x08003ac0                __retarget_lock_release_recursive
 .text.__register_exitproc
                0x08003ac4       0x8c c:/programdata/gcc-arm-none-eabi-10.3-2021.10/bin/../lib/gcc/arm-none-eabi/10.3.1/../../../../arm-none-eabi/lib/thumb/v7e-m/nofp\libg.a(lib_a-__atexit.o)
                0x08003ac4                __register_exitproc
 *(.glue_7)
 .glue_7        0x08003b50        0x0 linker stubs
 *(.glue_7t)
 .glue_7t       0x08003b50        0x0 linker stubs
 *(.eh_frame)
 .eh_frame      0x08003b50        0x0 c:/programdata/gcc-arm-none-eabi-10.3-2021.10/bin/../lib/gcc/arm-none-eabi/10.3.1/thumb/v7e-m/nofp/crtbegin.o
 *(.init)
 .init          0x08003b50        0x4 c:/programdata/gcc-arm-none-eabi-10.3-2021.10/bin/../lib/gcc/arm-none-eabi/10.3.1/thumb/v7e-m/nofp/crti.o
                0x08003b50                _init
 .init          0x08003b54        0x8 c:/programdata/gcc-arm-none-eabi-10.3-2021.10/bin/../lib/gcc/arm-none-eabi/10.3.1/thumb/v7e-m/nofp/crtn.o
 *(.fini)
 .fini          0x08003b5c        0x4 c:/programdata/gcc-arm-none-eabi-10.3-2021.10/bin/../lib/gcc/arm-none-eabi/10.3.1/thumb/v7e-m/nofp/crti.o
                0x08003b5c                _fini
 .fini          0x08003b60        0x8 c:/programdata/gcc-arm-none-eabi-10.3-2021.10/bin/../lib/gcc/arm-none-eabi/10.3.1/thumb/v7e-m/nofp/crtn.o
                0x08003b68                . = ALIGN (0x4)
                0x08003b68                _etext = .

.vfp11_veneer   0x08003b68        0x0
 .vfp11_veneer  0x08003b68        0x0 linker stubs

.v4_bx          0x08003b68        0x0
 .v4_bx         0x08003b68        0x0 linker stubs

.iplt           0x08003b68        0x0
 .iplt          0x08003b68        0x0 c:/programdata/gcc-arm-none-eabi-10.3-2021.10/bin/../lib/gcc/arm-none-eabi/10.3.1/thumb/v7e-m/nofp/crtbegin.o

.rodata         0x08003b68       0x28
                0x08003b68                . = ALIGN (0x4)
 *(.rodata)
 .rodata        0x08003b68        0xf CMakeFiles/AD9959_H7.elf.dir/Core/Src/myad9959.c.obj
 *(.rodata*)
 *fill*         0x08003b77        0x1 
 .rodata.ad9959_sweep_frequency.str1.4
                0x08003b78        0x4 CMakeFiles/AD9959_H7.elf.dir/Core/Src/myad9959.c.obj
 .rodata.D1CorePrescTable
                0x08003b7c       0x10 CMakeFiles/AD9959_H7.elf.dir/Core/Src/system_stm32h7xx.c.obj
                0x08003b7c                D1CorePrescTable
 .rodata._global_impure_ptr
                0x08003b8c        0x4 c:/programdata/gcc-arm-none-eabi-10.3-2021.10/bin/../lib/gcc/arm-none-eabi/10.3.1/../../../../arm-none-eabi/lib/thumb/v7e-m/nofp\libg.a(lib_a-impure.o)
                0x08003b8c                _global_impure_ptr
                0x08003b90                . = ALIGN (0x4)

.rel.dyn        0x08003b90        0x0
 .rel.iplt      0x08003b90        0x0 c:/programdata/gcc-arm-none-eabi-10.3-2021.10/bin/../lib/gcc/arm-none-eabi/10.3.1/thumb/v7e-m/nofp/crtbegin.o

.ARM.extab
 *(.ARM.extab* .gnu.linkonce.armextab.*)

.ARM            0x08003b90        0x0
                0x08003b90                __exidx_start = .
 *(.ARM.exidx*)
                0x08003b90                __exidx_end = .

.preinit_array  0x08003b90        0x0
                0x08003b90                PROVIDE (__preinit_array_start = .)
 *(.preinit_array*)
                0x08003b90                PROVIDE (__preinit_array_end = .)

.init_array     0x08003b90        0x8
                0x08003b90                PROVIDE (__init_array_start = .)
 *(SORT_BY_NAME(.init_array.*))
 .init_array.00000
                0x08003b90        0x4 c:/programdata/gcc-arm-none-eabi-10.3-2021.10/bin/../lib/gcc/arm-none-eabi/10.3.1/../../../../arm-none-eabi/lib/thumb/v7e-m/nofp\libg.a(lib_a-__call_atexit.o)
 *(.init_array*)
 .init_array    0x08003b94        0x4 c:/programdata/gcc-arm-none-eabi-10.3-2021.10/bin/../lib/gcc/arm-none-eabi/10.3.1/thumb/v7e-m/nofp/crtbegin.o
                0x08003b98                PROVIDE (__init_array_end = .)

.fini_array     0x08003b98        0x4
                0x08003b98                PROVIDE (__fini_array_start = .)
 *(SORT_BY_NAME(.fini_array.*))
 *(.fini_array*)
 .fini_array    0x08003b98        0x4 c:/programdata/gcc-arm-none-eabi-10.3-2021.10/bin/../lib/gcc/arm-none-eabi/10.3.1/thumb/v7e-m/nofp/crtbegin.o
                0x08003b9c                PROVIDE (__fini_array_end = .)
                0x08003b9c                _sidata = LOADADDR (.data)

.data           0x24000000      0x43c load address 0x08003b9c
                0x24000000                . = ALIGN (0x4)
                0x24000000                _sdata = .
 *(.data)
 *(.data*)
 .data.SystemCoreClock
                0x24000000        0x4 CMakeFiles/AD9959_H7.elf.dir/Core/Src/system_stm32h7xx.c.obj
                0x24000000                SystemCoreClock
 .data.SystemD2Clock
                0x24000004        0x4 CMakeFiles/AD9959_H7.elf.dir/Core/Src/system_stm32h7xx.c.obj
                0x24000004                SystemD2Clock
 .data.uwTickFreq
                0x24000008        0x1 CMakeFiles/AD9959_H7.elf.dir/Drivers/STM32H7xx_HAL_Driver/Src/stm32h7xx_hal.c.obj
                0x24000008                uwTickFreq
 *fill*         0x24000009        0x3 
 .data.uwTickPrio
                0x2400000c        0x4 CMakeFiles/AD9959_H7.elf.dir/Drivers/STM32H7xx_HAL_Driver/Src/stm32h7xx_hal.c.obj
                0x2400000c                uwTickPrio
 .data.impure_data
                0x24000010      0x428 c:/programdata/gcc-arm-none-eabi-10.3-2021.10/bin/../lib/gcc/arm-none-eabi/10.3.1/../../../../arm-none-eabi/lib/thumb/v7e-m/nofp\libg.a(lib_a-impure.o)
 .data.__atexit_recursive_mutex
                0x24000438        0x4 c:/programdata/gcc-arm-none-eabi-10.3-2021.10/bin/../lib/gcc/arm-none-eabi/10.3.1/../../../../arm-none-eabi/lib/thumb/v7e-m/nofp\libg.a(lib_a-__call_atexit.o)
                0x24000438                __atexit_recursive_mutex
 *(.RamFunc)
 *(.RamFunc*)
                0x2400043c                . = ALIGN (0x4)
                0x2400043c                _edata = .

.igot.plt       0x2400043c        0x0 load address 0x08003fd8
 .igot.plt      0x2400043c        0x0 c:/programdata/gcc-arm-none-eabi-10.3-2021.10/bin/../lib/gcc/arm-none-eabi/10.3.1/thumb/v7e-m/nofp/crtbegin.o
                0x2400043c                . = ALIGN (0x4)

.bss            0x2400043c      0x134 load address 0x08003fd8
                0x2400043c                _sbss = .
                0x2400043c                __bss_start__ = _sbss
 *(.bss)
 .bss           0x2400043c       0x1c c:/programdata/gcc-arm-none-eabi-10.3-2021.10/bin/../lib/gcc/arm-none-eabi/10.3.1/thumb/v7e-m/nofp/crtbegin.o
 *(.bss*)
 .bss.hspi2     0x24000458       0x88 CMakeFiles/AD9959_H7.elf.dir/Core/Src/spi.c.obj
                0x24000458                hspi2
 .bss.hspi3     0x240004e0       0x88 CMakeFiles/AD9959_H7.elf.dir/Core/Src/spi.c.obj
                0x240004e0                hspi3
 .bss.uwTick    0x24000568        0x4 CMakeFiles/AD9959_H7.elf.dir/Drivers/STM32H7xx_HAL_Driver/Src/stm32h7xx_hal.c.obj
                0x24000568                uwTick
 .bss.__lock___atexit_recursive_mutex
                0x2400056c        0x1 c:/programdata/gcc-arm-none-eabi-10.3-2021.10/bin/../lib/gcc/arm-none-eabi/10.3.1/../../../../arm-none-eabi/lib/thumb/v7e-m/nofp\libg.a(lib_a-lock.o)
                0x2400056c                __lock___atexit_recursive_mutex
 *(COMMON)
                0x24000570                . = ALIGN (0x4)
 *fill*         0x2400056d        0x3 
                0x24000570                _ebss = .
                0x24000570                __bss_end__ = _ebss

._user_heap_stack
                0x24000570      0x600 load address 0x08003fd8
                0x24000570                . = ALIGN (0x8)
                [!provide]                PROVIDE (end = .)
                0x24000570                PROVIDE (_end = .)
                0x24000770                . = (. + _Min_Heap_Size)
 *fill*         0x24000570      0x200 
                0x24000b70                . = (. + _Min_Stack_Size)
 *fill*         0x24000770      0x400 
                0x24000b70                . = ALIGN (0x8)

/DISCARD/
 libc.a(*)
 libm.a(*)
 libgcc.a(*)

.ARM.attributes
                0x00000000       0x2a
 *(.ARM.attributes)
 .ARM.attributes
                0x00000000       0x1e c:/programdata/gcc-arm-none-eabi-10.3-2021.10/bin/../lib/gcc/arm-none-eabi/10.3.1/thumb/v7e-m/nofp/crti.o
 .ARM.attributes
                0x0000001e       0x2e c:/programdata/gcc-arm-none-eabi-10.3-2021.10/bin/../lib/gcc/arm-none-eabi/10.3.1/thumb/v7e-m/nofp/crtbegin.o
 .ARM.attributes
                0x0000004c       0x2e CMakeFiles/AD9959_H7.elf.dir/Core/Src/gpio.c.obj
 .ARM.attributes
                0x0000007a       0x2e CMakeFiles/AD9959_H7.elf.dir/Core/Src/main.c.obj
 .ARM.attributes
                0x000000a8       0x2e CMakeFiles/AD9959_H7.elf.dir/Core/Src/myad9959.c.obj
 .ARM.attributes
                0x000000d6       0x2e CMakeFiles/AD9959_H7.elf.dir/Core/Src/spi.c.obj
 .ARM.attributes
                0x00000104       0x2e CMakeFiles/AD9959_H7.elf.dir/Core/Src/stm32h7xx_hal_msp.c.obj
 .ARM.attributes
                0x00000132       0x2e CMakeFiles/AD9959_H7.elf.dir/Core/Src/stm32h7xx_it.c.obj
 .ARM.attributes
                0x00000160       0x2e CMakeFiles/AD9959_H7.elf.dir/Core/Src/system_stm32h7xx.c.obj
 .ARM.attributes
                0x0000018e       0x21 CMakeFiles/AD9959_H7.elf.dir/Core/Startup/startup_stm32h743vitx.s.obj
 .ARM.attributes
                0x000001af       0x2e CMakeFiles/AD9959_H7.elf.dir/Drivers/STM32H7xx_HAL_Driver/Src/stm32h7xx_hal.c.obj
 .ARM.attributes
                0x000001dd       0x2e CMakeFiles/AD9959_H7.elf.dir/Drivers/STM32H7xx_HAL_Driver/Src/stm32h7xx_hal_cortex.c.obj
 .ARM.attributes
                0x0000020b       0x2e CMakeFiles/AD9959_H7.elf.dir/Drivers/STM32H7xx_HAL_Driver/Src/stm32h7xx_hal_gpio.c.obj
 .ARM.attributes
                0x00000239       0x2e CMakeFiles/AD9959_H7.elf.dir/Drivers/STM32H7xx_HAL_Driver/Src/stm32h7xx_hal_pwr_ex.c.obj
 .ARM.attributes
                0x00000267       0x2e CMakeFiles/AD9959_H7.elf.dir/Drivers/STM32H7xx_HAL_Driver/Src/stm32h7xx_hal_rcc.c.obj
 .ARM.attributes
                0x00000295       0x2e CMakeFiles/AD9959_H7.elf.dir/Drivers/STM32H7xx_HAL_Driver/Src/stm32h7xx_hal_rcc_ex.c.obj
 .ARM.attributes
                0x000002c3       0x2e CMakeFiles/AD9959_H7.elf.dir/Drivers/STM32H7xx_HAL_Driver/Src/stm32h7xx_hal_spi.c.obj
 .ARM.attributes
                0x000002f1       0x1e c:/programdata/gcc-arm-none-eabi-10.3-2021.10/bin/../lib/gcc/arm-none-eabi/10.3.1/thumb/v7e-m/nofp\libgcc.a(_arm_muldf3.o)
 .ARM.attributes
                0x0000030f       0x1e c:/programdata/gcc-arm-none-eabi-10.3-2021.10/bin/../lib/gcc/arm-none-eabi/10.3.1/thumb/v7e-m/nofp\libgcc.a(_arm_addsubdf3.o)
 .ARM.attributes
                0x0000032d       0x1e c:/programdata/gcc-arm-none-eabi-10.3-2021.10/bin/../lib/gcc/arm-none-eabi/10.3.1/thumb/v7e-m/nofp\libgcc.a(_arm_fixunsdfsi.o)
 .ARM.attributes
                0x0000034b       0x1e c:/programdata/gcc-arm-none-eabi-10.3-2021.10/bin/../lib/gcc/arm-none-eabi/10.3.1/thumb/v7e-m/nofp\libgcc.a(_arm_addsubsf3.o)
 .ARM.attributes
                0x00000369       0x1e c:/programdata/gcc-arm-none-eabi-10.3-2021.10/bin/../lib/gcc/arm-none-eabi/10.3.1/thumb/v7e-m/nofp\libgcc.a(_arm_muldivsf3.o)
 .ARM.attributes
                0x00000387       0x1e c:/programdata/gcc-arm-none-eabi-10.3-2021.10/bin/../lib/gcc/arm-none-eabi/10.3.1/thumb/v7e-m/nofp\libgcc.a(_arm_fixunssfsi.o)
 .ARM.attributes
                0x000003a5       0x2e c:/programdata/gcc-arm-none-eabi-10.3-2021.10/bin/../lib/gcc/arm-none-eabi/10.3.1/../../../../arm-none-eabi/lib/thumb/v7e-m/nofp\libg.a(lib_a-impure.o)
 .ARM.attributes
                0x000003d3       0x2e c:/programdata/gcc-arm-none-eabi-10.3-2021.10/bin/../lib/gcc/arm-none-eabi/10.3.1/../../../../arm-none-eabi/lib/thumb/v7e-m/nofp\libg.a(lib_a-init.o)
 .ARM.attributes
                0x00000401       0x2e c:/programdata/gcc-arm-none-eabi-10.3-2021.10/bin/../lib/gcc/arm-none-eabi/10.3.1/../../../../arm-none-eabi/lib/thumb/v7e-m/nofp\libg.a(lib_a-memset.o)
 .ARM.attributes
                0x0000042f       0x2e c:/programdata/gcc-arm-none-eabi-10.3-2021.10/bin/../lib/gcc/arm-none-eabi/10.3.1/../../../../arm-none-eabi/lib/thumb/v7e-m/nofp\libg.a(lib_a-__call_atexit.o)
 .ARM.attributes
                0x0000045d       0x2e c:/programdata/gcc-arm-none-eabi-10.3-2021.10/bin/../lib/gcc/arm-none-eabi/10.3.1/../../../../arm-none-eabi/lib/thumb/v7e-m/nofp\libg.a(lib_a-atexit.o)
 .ARM.attributes
                0x0000048b       0x2e c:/programdata/gcc-arm-none-eabi-10.3-2021.10/bin/../lib/gcc/arm-none-eabi/10.3.1/../../../../arm-none-eabi/lib/thumb/v7e-m/nofp\libg.a(lib_a-fini.o)
 .ARM.attributes
                0x000004b9       0x2e c:/programdata/gcc-arm-none-eabi-10.3-2021.10/bin/../lib/gcc/arm-none-eabi/10.3.1/../../../../arm-none-eabi/lib/thumb/v7e-m/nofp\libg.a(lib_a-lock.o)
 .ARM.attributes
                0x000004e7       0x2e c:/programdata/gcc-arm-none-eabi-10.3-2021.10/bin/../lib/gcc/arm-none-eabi/10.3.1/../../../../arm-none-eabi/lib/thumb/v7e-m/nofp\libg.a(lib_a-__atexit.o)
 .ARM.attributes
                0x00000515       0x1e c:/programdata/gcc-arm-none-eabi-10.3-2021.10/bin/../lib/gcc/arm-none-eabi/10.3.1/thumb/v7e-m/nofp/crtn.o
OUTPUT(AD9959_H7.elf elf32-littlearm)
LOAD linker stubs
LOAD c:/programdata/gcc-arm-none-eabi-10.3-2021.10/bin/../lib/gcc/arm-none-eabi/10.3.1/../../../../arm-none-eabi/lib/thumb/v7e-m/nofp\libc.a
LOAD c:/programdata/gcc-arm-none-eabi-10.3-2021.10/bin/../lib/gcc/arm-none-eabi/10.3.1/../../../../arm-none-eabi/lib/thumb/v7e-m/nofp\libm.a
LOAD c:/programdata/gcc-arm-none-eabi-10.3-2021.10/bin/../lib/gcc/arm-none-eabi/10.3.1/thumb/v7e-m/nofp\libgcc.a

.debug_info     0x00000000     0xe941
 .debug_info    0x00000000      0x6ea CMakeFiles/AD9959_H7.elf.dir/Core/Src/gpio.c.obj
 .debug_info    0x000006ea      0x917 CMakeFiles/AD9959_H7.elf.dir/Core/Src/main.c.obj
 .debug_info    0x00001001     0x1b7d CMakeFiles/AD9959_H7.elf.dir/Core/Src/myad9959.c.obj
 .debug_info    0x00002b7e     0x122f CMakeFiles/AD9959_H7.elf.dir/Core/Src/spi.c.obj
 .debug_info    0x00003dad      0x4a0 CMakeFiles/AD9959_H7.elf.dir/Core/Src/stm32h7xx_hal_msp.c.obj
 .debug_info    0x0000424d      0x145 CMakeFiles/AD9959_H7.elf.dir/Core/Src/stm32h7xx_it.c.obj
 .debug_info    0x00004392      0xbba CMakeFiles/AD9959_H7.elf.dir/Core/Src/system_stm32h7xx.c.obj
 .debug_info    0x00004f4c       0x22 CMakeFiles/AD9959_H7.elf.dir/Core/Startup/startup_stm32h743vitx.s.obj
 .debug_info    0x00004f6e     0x16a0 CMakeFiles/AD9959_H7.elf.dir/Drivers/STM32H7xx_HAL_Driver/Src/stm32h7xx_hal.c.obj
 .debug_info    0x0000660e     0x143d CMakeFiles/AD9959_H7.elf.dir/Drivers/STM32H7xx_HAL_Driver/Src/stm32h7xx_hal_cortex.c.obj
 .debug_info    0x00007a4b      0xd76 CMakeFiles/AD9959_H7.elf.dir/Drivers/STM32H7xx_HAL_Driver/Src/stm32h7xx_hal_gpio.c.obj
 .debug_info    0x000087c1     0x1238 CMakeFiles/AD9959_H7.elf.dir/Drivers/STM32H7xx_HAL_Driver/Src/stm32h7xx_hal_pwr_ex.c.obj
 .debug_info    0x000099f9     0x13d0 CMakeFiles/AD9959_H7.elf.dir/Drivers/STM32H7xx_HAL_Driver/Src/stm32h7xx_hal_rcc.c.obj
 .debug_info    0x0000adc9     0x2043 CMakeFiles/AD9959_H7.elf.dir/Drivers/STM32H7xx_HAL_Driver/Src/stm32h7xx_hal_rcc_ex.c.obj
 .debug_info    0x0000ce0c     0x1b35 CMakeFiles/AD9959_H7.elf.dir/Drivers/STM32H7xx_HAL_Driver/Src/stm32h7xx_hal_spi.c.obj

.debug_abbrev   0x00000000     0x1d62
 .debug_abbrev  0x00000000      0x181 CMakeFiles/AD9959_H7.elf.dir/Core/Src/gpio.c.obj
 .debug_abbrev  0x00000181      0x20d CMakeFiles/AD9959_H7.elf.dir/Core/Src/main.c.obj
 .debug_abbrev  0x0000038e      0x299 CMakeFiles/AD9959_H7.elf.dir/Core/Src/myad9959.c.obj
 .debug_abbrev  0x00000627      0x20b CMakeFiles/AD9959_H7.elf.dir/Core/Src/spi.c.obj
 .debug_abbrev  0x00000832       0xd7 CMakeFiles/AD9959_H7.elf.dir/Core/Src/stm32h7xx_hal_msp.c.obj
 .debug_abbrev  0x00000909       0x7e CMakeFiles/AD9959_H7.elf.dir/Core/Src/stm32h7xx_it.c.obj
 .debug_abbrev  0x00000987      0x17c CMakeFiles/AD9959_H7.elf.dir/Core/Src/system_stm32h7xx.c.obj
 .debug_abbrev  0x00000b03       0x12 CMakeFiles/AD9959_H7.elf.dir/Core/Startup/startup_stm32h743vitx.s.obj
 .debug_abbrev  0x00000b15      0x264 CMakeFiles/AD9959_H7.elf.dir/Drivers/STM32H7xx_HAL_Driver/Src/stm32h7xx_hal.c.obj
 .debug_abbrev  0x00000d79      0x37d CMakeFiles/AD9959_H7.elf.dir/Drivers/STM32H7xx_HAL_Driver/Src/stm32h7xx_hal_cortex.c.obj
 .debug_abbrev  0x000010f6      0x240 CMakeFiles/AD9959_H7.elf.dir/Drivers/STM32H7xx_HAL_Driver/Src/stm32h7xx_hal_gpio.c.obj
 .debug_abbrev  0x00001336      0x29b CMakeFiles/AD9959_H7.elf.dir/Drivers/STM32H7xx_HAL_Driver/Src/stm32h7xx_hal_pwr_ex.c.obj
 .debug_abbrev  0x000015d1      0x28c CMakeFiles/AD9959_H7.elf.dir/Drivers/STM32H7xx_HAL_Driver/Src/stm32h7xx_hal_rcc.c.obj
 .debug_abbrev  0x0000185d      0x285 CMakeFiles/AD9959_H7.elf.dir/Drivers/STM32H7xx_HAL_Driver/Src/stm32h7xx_hal_rcc_ex.c.obj
 .debug_abbrev  0x00001ae2      0x280 CMakeFiles/AD9959_H7.elf.dir/Drivers/STM32H7xx_HAL_Driver/Src/stm32h7xx_hal_spi.c.obj

.debug_aranges  0x00000000      0x928
 .debug_aranges
                0x00000000       0x20 CMakeFiles/AD9959_H7.elf.dir/Core/Src/gpio.c.obj
 .debug_aranges
                0x00000020       0x38 CMakeFiles/AD9959_H7.elf.dir/Core/Src/main.c.obj
 .debug_aranges
                0x00000058       0x90 CMakeFiles/AD9959_H7.elf.dir/Core/Src/myad9959.c.obj
 .debug_aranges
                0x000000e8       0x38 CMakeFiles/AD9959_H7.elf.dir/Core/Src/spi.c.obj
 .debug_aranges
                0x00000120       0x20 CMakeFiles/AD9959_H7.elf.dir/Core/Src/stm32h7xx_hal_msp.c.obj
 .debug_aranges
                0x00000140       0x60 CMakeFiles/AD9959_H7.elf.dir/Core/Src/stm32h7xx_it.c.obj
 .debug_aranges
                0x000001a0       0x30 CMakeFiles/AD9959_H7.elf.dir/Core/Src/system_stm32h7xx.c.obj
 .debug_aranges
                0x000001d0       0x28 CMakeFiles/AD9959_H7.elf.dir/Core/Startup/startup_stm32h743vitx.s.obj
 .debug_aranges
                0x000001f8      0x198 CMakeFiles/AD9959_H7.elf.dir/Drivers/STM32H7xx_HAL_Driver/Src/stm32h7xx_hal.c.obj
 .debug_aranges
                0x00000390       0xc0 CMakeFiles/AD9959_H7.elf.dir/Drivers/STM32H7xx_HAL_Driver/Src/stm32h7xx_hal_cortex.c.obj
 .debug_aranges
                0x00000450       0x58 CMakeFiles/AD9959_H7.elf.dir/Drivers/STM32H7xx_HAL_Driver/Src/stm32h7xx_hal_gpio.c.obj
 .debug_aranges
                0x000004a8      0x158 CMakeFiles/AD9959_H7.elf.dir/Drivers/STM32H7xx_HAL_Driver/Src/stm32h7xx_hal_pwr_ex.c.obj
 .debug_aranges
                0x00000600       0x88 CMakeFiles/AD9959_H7.elf.dir/Drivers/STM32H7xx_HAL_Driver/Src/stm32h7xx_hal_rcc.c.obj
 .debug_aranges
                0x00000688       0xf8 CMakeFiles/AD9959_H7.elf.dir/Drivers/STM32H7xx_HAL_Driver/Src/stm32h7xx_hal_rcc_ex.c.obj
 .debug_aranges
                0x00000780      0x1a8 CMakeFiles/AD9959_H7.elf.dir/Drivers/STM32H7xx_HAL_Driver/Src/stm32h7xx_hal_spi.c.obj

.debug_ranges   0x00000000      0x988
 .debug_ranges  0x00000000       0x10 CMakeFiles/AD9959_H7.elf.dir/Core/Src/gpio.c.obj
 .debug_ranges  0x00000010       0x28 CMakeFiles/AD9959_H7.elf.dir/Core/Src/main.c.obj
 .debug_ranges  0x00000038       0x98 CMakeFiles/AD9959_H7.elf.dir/Core/Src/myad9959.c.obj
 .debug_ranges  0x000000d0       0x28 CMakeFiles/AD9959_H7.elf.dir/Core/Src/spi.c.obj
 .debug_ranges  0x000000f8       0x10 CMakeFiles/AD9959_H7.elf.dir/Core/Src/stm32h7xx_hal_msp.c.obj
 .debug_ranges  0x00000108       0x50 CMakeFiles/AD9959_H7.elf.dir/Core/Src/stm32h7xx_it.c.obj
 .debug_ranges  0x00000158       0x20 CMakeFiles/AD9959_H7.elf.dir/Core/Src/system_stm32h7xx.c.obj
 .debug_ranges  0x00000178       0x20 CMakeFiles/AD9959_H7.elf.dir/Core/Startup/startup_stm32h743vitx.s.obj
 .debug_ranges  0x00000198      0x188 CMakeFiles/AD9959_H7.elf.dir/Drivers/STM32H7xx_HAL_Driver/Src/stm32h7xx_hal.c.obj
 .debug_ranges  0x00000320      0x110 CMakeFiles/AD9959_H7.elf.dir/Drivers/STM32H7xx_HAL_Driver/Src/stm32h7xx_hal_cortex.c.obj
 .debug_ranges  0x00000430       0x48 CMakeFiles/AD9959_H7.elf.dir/Drivers/STM32H7xx_HAL_Driver/Src/stm32h7xx_hal_gpio.c.obj
 .debug_ranges  0x00000478      0x1a8 CMakeFiles/AD9959_H7.elf.dir/Drivers/STM32H7xx_HAL_Driver/Src/stm32h7xx_hal_pwr_ex.c.obj
 .debug_ranges  0x00000620       0xe8 CMakeFiles/AD9959_H7.elf.dir/Drivers/STM32H7xx_HAL_Driver/Src/stm32h7xx_hal_rcc.c.obj
 .debug_ranges  0x00000708       0xe8 CMakeFiles/AD9959_H7.elf.dir/Drivers/STM32H7xx_HAL_Driver/Src/stm32h7xx_hal_rcc_ex.c.obj
 .debug_ranges  0x000007f0      0x198 CMakeFiles/AD9959_H7.elf.dir/Drivers/STM32H7xx_HAL_Driver/Src/stm32h7xx_hal_spi.c.obj

.debug_line     0x00000000     0x9de5
 .debug_line    0x00000000      0x264 CMakeFiles/AD9959_H7.elf.dir/Core/Src/gpio.c.obj
 .debug_line    0x00000264      0x4f7 CMakeFiles/AD9959_H7.elf.dir/Core/Src/main.c.obj
 .debug_line    0x0000075b      0x70a CMakeFiles/AD9959_H7.elf.dir/Core/Src/myad9959.c.obj
 .debug_line    0x00000e65      0x578 CMakeFiles/AD9959_H7.elf.dir/Core/Src/spi.c.obj
 .debug_line    0x000013dd      0x1a6 CMakeFiles/AD9959_H7.elf.dir/Core/Src/stm32h7xx_hal_msp.c.obj
 .debug_line    0x00001583      0x1d5 CMakeFiles/AD9959_H7.elf.dir/Core/Src/stm32h7xx_it.c.obj
 .debug_line    0x00001758      0x49d CMakeFiles/AD9959_H7.elf.dir/Core/Src/system_stm32h7xx.c.obj
 .debug_line    0x00001bf5       0xb4 CMakeFiles/AD9959_H7.elf.dir/Core/Startup/startup_stm32h743vitx.s.obj
 .debug_line    0x00001ca9      0x96a CMakeFiles/AD9959_H7.elf.dir/Drivers/STM32H7xx_HAL_Driver/Src/stm32h7xx_hal.c.obj
 .debug_line    0x00002613      0x85f CMakeFiles/AD9959_H7.elf.dir/Drivers/STM32H7xx_HAL_Driver/Src/stm32h7xx_hal_cortex.c.obj
 .debug_line    0x00002e72      0x733 CMakeFiles/AD9959_H7.elf.dir/Drivers/STM32H7xx_HAL_Driver/Src/stm32h7xx_hal_gpio.c.obj
 .debug_line    0x000035a5      0xb3f CMakeFiles/AD9959_H7.elf.dir/Drivers/STM32H7xx_HAL_Driver/Src/stm32h7xx_hal_pwr_ex.c.obj
 .debug_line    0x000040e4     0x131a CMakeFiles/AD9959_H7.elf.dir/Drivers/STM32H7xx_HAL_Driver/Src/stm32h7xx_hal_rcc.c.obj
 .debug_line    0x000053fe     0x1fd4 CMakeFiles/AD9959_H7.elf.dir/Drivers/STM32H7xx_HAL_Driver/Src/stm32h7xx_hal_rcc_ex.c.obj
 .debug_line    0x000073d2     0x2a13 CMakeFiles/AD9959_H7.elf.dir/Drivers/STM32H7xx_HAL_Driver/Src/stm32h7xx_hal_spi.c.obj

.debug_str      0x00000000     0x409a
 .debug_str     0x00000000      0x48c CMakeFiles/AD9959_H7.elf.dir/Core/Src/gpio.c.obj
                                0x4ed (size before relaxing)
 .debug_str     0x0000048c      0x431 CMakeFiles/AD9959_H7.elf.dir/Core/Src/main.c.obj
                                0x660 (size before relaxing)
 .debug_str     0x000008bd      0x73d CMakeFiles/AD9959_H7.elf.dir/Core/Src/myad9959.c.obj
                                0xa6d (size before relaxing)
 .debug_str     0x00000ffa      0x3f6 CMakeFiles/AD9959_H7.elf.dir/Core/Src/spi.c.obj
                                0xebe (size before relaxing)
 .debug_str     0x000013f0       0x57 CMakeFiles/AD9959_H7.elf.dir/Core/Src/stm32h7xx_hal_msp.c.obj
                                0x43c (size before relaxing)
 .debug_str     0x00001447       0xe2 CMakeFiles/AD9959_H7.elf.dir/Core/Src/stm32h7xx_it.c.obj
                                0x289 (size before relaxing)
 .debug_str     0x00001529      0x2bb CMakeFiles/AD9959_H7.elf.dir/Core/Src/system_stm32h7xx.c.obj
                                0x6f1 (size before relaxing)
 .debug_str     0x000017e4       0x61 CMakeFiles/AD9959_H7.elf.dir/Core/Startup/startup_stm32h743vitx.s.obj
                                 0xa1 (size before relaxing)
 .debug_str     0x00001845      0xf69 CMakeFiles/AD9959_H7.elf.dir/Drivers/STM32H7xx_HAL_Driver/Src/stm32h7xx_hal.c.obj
                               0x14fa (size before relaxing)
 .debug_str     0x000027ae      0x518 CMakeFiles/AD9959_H7.elf.dir/Drivers/STM32H7xx_HAL_Driver/Src/stm32h7xx_hal_cortex.c.obj
                               0x10ca (size before relaxing)
 .debug_str     0x00002cc6      0x118 CMakeFiles/AD9959_H7.elf.dir/Drivers/STM32H7xx_HAL_Driver/Src/stm32h7xx_hal_gpio.c.obj
                                0x71e (size before relaxing)
 .debug_str     0x00002dde      0x57f CMakeFiles/AD9959_H7.elf.dir/Drivers/STM32H7xx_HAL_Driver/Src/stm32h7xx_hal_pwr_ex.c.obj
                                0xa93 (size before relaxing)
 .debug_str     0x0000335d      0x1bd CMakeFiles/AD9959_H7.elf.dir/Drivers/STM32H7xx_HAL_Driver/Src/stm32h7xx_hal_rcc.c.obj
                                0xaa6 (size before relaxing)
 .debug_str     0x0000351a      0x5e6 CMakeFiles/AD9959_H7.elf.dir/Drivers/STM32H7xx_HAL_Driver/Src/stm32h7xx_hal_rcc_ex.c.obj
                                0xfb1 (size before relaxing)
 .debug_str     0x00003b00      0x59a CMakeFiles/AD9959_H7.elf.dir/Drivers/STM32H7xx_HAL_Driver/Src/stm32h7xx_hal_spi.c.obj
                                0xe1e (size before relaxing)

.comment        0x00000000       0x49
 .comment       0x00000000       0x49 CMakeFiles/AD9959_H7.elf.dir/Core/Src/gpio.c.obj
                                 0x4a (size before relaxing)
 .comment       0x00000049       0x4a CMakeFiles/AD9959_H7.elf.dir/Core/Src/main.c.obj
 .comment       0x00000049       0x4a CMakeFiles/AD9959_H7.elf.dir/Core/Src/myad9959.c.obj
 .comment       0x00000049       0x4a CMakeFiles/AD9959_H7.elf.dir/Core/Src/spi.c.obj
 .comment       0x00000049       0x4a CMakeFiles/AD9959_H7.elf.dir/Core/Src/stm32h7xx_hal_msp.c.obj
 .comment       0x00000049       0x4a CMakeFiles/AD9959_H7.elf.dir/Core/Src/stm32h7xx_it.c.obj
 .comment       0x00000049       0x4a CMakeFiles/AD9959_H7.elf.dir/Core/Src/system_stm32h7xx.c.obj
 .comment       0x00000049       0x4a CMakeFiles/AD9959_H7.elf.dir/Drivers/STM32H7xx_HAL_Driver/Src/stm32h7xx_hal.c.obj
 .comment       0x00000049       0x4a CMakeFiles/AD9959_H7.elf.dir/Drivers/STM32H7xx_HAL_Driver/Src/stm32h7xx_hal_cortex.c.obj
 .comment       0x00000049       0x4a CMakeFiles/AD9959_H7.elf.dir/Drivers/STM32H7xx_HAL_Driver/Src/stm32h7xx_hal_gpio.c.obj
 .comment       0x00000049       0x4a CMakeFiles/AD9959_H7.elf.dir/Drivers/STM32H7xx_HAL_Driver/Src/stm32h7xx_hal_pwr_ex.c.obj
 .comment       0x00000049       0x4a CMakeFiles/AD9959_H7.elf.dir/Drivers/STM32H7xx_HAL_Driver/Src/stm32h7xx_hal_rcc.c.obj
 .comment       0x00000049       0x4a CMakeFiles/AD9959_H7.elf.dir/Drivers/STM32H7xx_HAL_Driver/Src/stm32h7xx_hal_rcc_ex.c.obj
 .comment       0x00000049       0x4a CMakeFiles/AD9959_H7.elf.dir/Drivers/STM32H7xx_HAL_Driver/Src/stm32h7xx_hal_spi.c.obj

.debug_frame    0x00000000     0x18e0
 .debug_frame   0x00000000       0x34 CMakeFiles/AD9959_H7.elf.dir/Core/Src/gpio.c.obj
 .debug_frame   0x00000034       0x78 CMakeFiles/AD9959_H7.elf.dir/Core/Src/main.c.obj
 .debug_frame   0x000000ac      0x1a0 CMakeFiles/AD9959_H7.elf.dir/Core/Src/myad9959.c.obj
 .debug_frame   0x0000024c       0x7c CMakeFiles/AD9959_H7.elf.dir/Core/Src/spi.c.obj
 .debug_frame   0x000002c8       0x28 CMakeFiles/AD9959_H7.elf.dir/Core/Src/stm32h7xx_hal_msp.c.obj
 .debug_frame   0x000002f0       0xa8 CMakeFiles/AD9959_H7.elf.dir/Core/Src/stm32h7xx_it.c.obj
 .debug_frame   0x00000398       0x50 CMakeFiles/AD9959_H7.elf.dir/Core/Src/system_stm32h7xx.c.obj
 .debug_frame   0x000003e8      0x360 CMakeFiles/AD9959_H7.elf.dir/Drivers/STM32H7xx_HAL_Driver/Src/stm32h7xx_hal.c.obj
 .debug_frame   0x00000748      0x178 CMakeFiles/AD9959_H7.elf.dir/Drivers/STM32H7xx_HAL_Driver/Src/stm32h7xx_hal_cortex.c.obj
 .debug_frame   0x000008c0       0xd0 CMakeFiles/AD9959_H7.elf.dir/Drivers/STM32H7xx_HAL_Driver/Src/stm32h7xx_hal_gpio.c.obj
 .debug_frame   0x00000990      0x2f4 CMakeFiles/AD9959_H7.elf.dir/Drivers/STM32H7xx_HAL_Driver/Src/stm32h7xx_hal_pwr_ex.c.obj
 .debug_frame   0x00000c84      0x188 CMakeFiles/AD9959_H7.elf.dir/Drivers/STM32H7xx_HAL_Driver/Src/stm32h7xx_hal_rcc.c.obj
 .debug_frame   0x00000e0c      0x284 CMakeFiles/AD9959_H7.elf.dir/Drivers/STM32H7xx_HAL_Driver/Src/stm32h7xx_hal_rcc_ex.c.obj
 .debug_frame   0x00001090      0x4bc CMakeFiles/AD9959_H7.elf.dir/Drivers/STM32H7xx_HAL_Driver/Src/stm32h7xx_hal_spi.c.obj
 .debug_frame   0x0000154c       0x30 c:/programdata/gcc-arm-none-eabi-10.3-2021.10/bin/../lib/gcc/arm-none-eabi/10.3.1/thumb/v7e-m/nofp\libgcc.a(_arm_muldf3.o)
 .debug_frame   0x0000157c       0xac c:/programdata/gcc-arm-none-eabi-10.3-2021.10/bin/../lib/gcc/arm-none-eabi/10.3.1/thumb/v7e-m/nofp\libgcc.a(_arm_addsubdf3.o)
 .debug_frame   0x00001628       0x24 c:/programdata/gcc-arm-none-eabi-10.3-2021.10/bin/../lib/gcc/arm-none-eabi/10.3.1/thumb/v7e-m/nofp\libgcc.a(_arm_fixunsdfsi.o)
 .debug_frame   0x0000164c       0x4c c:/programdata/gcc-arm-none-eabi-10.3-2021.10/bin/../lib/gcc/arm-none-eabi/10.3.1/thumb/v7e-m/nofp\libgcc.a(_arm_addsubsf3.o)
 .debug_frame   0x00001698       0x38 c:/programdata/gcc-arm-none-eabi-10.3-2021.10/bin/../lib/gcc/arm-none-eabi/10.3.1/thumb/v7e-m/nofp\libgcc.a(_arm_muldivsf3.o)
 .debug_frame   0x000016d0       0x24 c:/programdata/gcc-arm-none-eabi-10.3-2021.10/bin/../lib/gcc/arm-none-eabi/10.3.1/thumb/v7e-m/nofp\libgcc.a(_arm_fixunssfsi.o)
 .debug_frame   0x000016f4       0x2c c:/programdata/gcc-arm-none-eabi-10.3-2021.10/bin/../lib/gcc/arm-none-eabi/10.3.1/../../../../arm-none-eabi/lib/thumb/v7e-m/nofp\libg.a(lib_a-init.o)
 .debug_frame   0x00001720       0x2c c:/programdata/gcc-arm-none-eabi-10.3-2021.10/bin/../lib/gcc/arm-none-eabi/10.3.1/../../../../arm-none-eabi/lib/thumb/v7e-m/nofp\libg.a(lib_a-memset.o)
 .debug_frame   0x0000174c       0x5c c:/programdata/gcc-arm-none-eabi-10.3-2021.10/bin/../lib/gcc/arm-none-eabi/10.3.1/../../../../arm-none-eabi/lib/thumb/v7e-m/nofp\libg.a(lib_a-__call_atexit.o)
 .debug_frame   0x000017a8       0x20 c:/programdata/gcc-arm-none-eabi-10.3-2021.10/bin/../lib/gcc/arm-none-eabi/10.3.1/../../../../arm-none-eabi/lib/thumb/v7e-m/nofp\libg.a(lib_a-atexit.o)
 .debug_frame   0x000017c8       0x34 c:/programdata/gcc-arm-none-eabi-10.3-2021.10/bin/../lib/gcc/arm-none-eabi/10.3.1/../../../../arm-none-eabi/lib/thumb/v7e-m/nofp\libg.a(lib_a-fini.o)
 .debug_frame   0x000017fc       0xb0 c:/programdata/gcc-arm-none-eabi-10.3-2021.10/bin/../lib/gcc/arm-none-eabi/10.3.1/../../../../arm-none-eabi/lib/thumb/v7e-m/nofp\libg.a(lib_a-lock.o)
 .debug_frame   0x000018ac       0x34 c:/programdata/gcc-arm-none-eabi-10.3-2021.10/bin/../lib/gcc/arm-none-eabi/10.3.1/../../../../arm-none-eabi/lib/thumb/v7e-m/nofp\libg.a(lib_a-__atexit.o)

.debug_loc      0x00000000     0x6055
 .debug_loc     0x00000000      0x7b1 CMakeFiles/AD9959_H7.elf.dir/Core/Src/myad9959.c.obj
 .debug_loc     0x000007b1       0x81 CMakeFiles/AD9959_H7.elf.dir/Core/Src/spi.c.obj
 .debug_loc     0x00000832      0x21e CMakeFiles/AD9959_H7.elf.dir/Core/Src/system_stm32h7xx.c.obj
 .debug_loc     0x00000a50      0x3fa CMakeFiles/AD9959_H7.elf.dir/Drivers/STM32H7xx_HAL_Driver/Src/stm32h7xx_hal.c.obj
 .debug_loc     0x00000e4a      0x726 CMakeFiles/AD9959_H7.elf.dir/Drivers/STM32H7xx_HAL_Driver/Src/stm32h7xx_hal_cortex.c.obj
 .debug_loc     0x00001570      0x3c6 CMakeFiles/AD9959_H7.elf.dir/Drivers/STM32H7xx_HAL_Driver/Src/stm32h7xx_hal_gpio.c.obj
 .debug_loc     0x00001936      0x4df CMakeFiles/AD9959_H7.elf.dir/Drivers/STM32H7xx_HAL_Driver/Src/stm32h7xx_hal_pwr_ex.c.obj
 .debug_loc     0x00001e15      0x996 CMakeFiles/AD9959_H7.elf.dir/Drivers/STM32H7xx_HAL_Driver/Src/stm32h7xx_hal_rcc.c.obj
 .debug_loc     0x000027ab     0x1fbe CMakeFiles/AD9959_H7.elf.dir/Drivers/STM32H7xx_HAL_Driver/Src/stm32h7xx_hal_rcc_ex.c.obj
 .debug_loc     0x00004769     0x18ec CMakeFiles/AD9959_H7.elf.dir/Drivers/STM32H7xx_HAL_Driver/Src/stm32h7xx_hal_spi.c.obj
