Archive member included to satisfy reference by file (symbol)

c:/programdata/gcc-arm-none-eabi-10.3-2021.10/bin/../lib/gcc/arm-none-eabi/10.3.1/thumb/v7e-m/nofp\libgcc.a(_arm_muldf3.o)
                              CMakeFiles/AD9959_H7.elf.dir/Core/Src/myad9959.c.obj (__aeabi_dmul)
c:/programdata/gcc-arm-none-eabi-10.3-2021.10/bin/../lib/gcc/arm-none-eabi/10.3.1/thumb/v7e-m/nofp\libgcc.a(_arm_mulsf3.o)
                              CMakeFiles/AD9959_H7.elf.dir/Core/Src/system_stm32h7xx.c.obj (__aeabi_fmul)
c:/programdata/gcc-arm-none-eabi-10.3-2021.10/bin/../lib/gcc/arm-none-eabi/10.3.1/thumb/v7e-m/nofp\libgcc.a(_arm_addsubdf3.o)
                              CMakeFiles/AD9959_H7.elf.dir/Core/Src/myad9959.c.obj (__aeabi_i2d)
c:/programdata/gcc-arm-none-eabi-10.3-2021.10/bin/../lib/gcc/arm-none-eabi/10.3.1/thumb/v7e-m/nofp\libgcc.a(_arm_fixunsdfsi.o)
                              CMakeFiles/AD9959_H7.elf.dir/Core/Src/myad9959.c.obj (__aeabi_d2uiz)
c:/programdata/gcc-arm-none-eabi-10.3-2021.10/bin/../lib/gcc/arm-none-eabi/10.3.1/thumb/v7e-m/nofp\libgcc.a(_arm_addsubsf3.o)
                              CMakeFiles/AD9959_H7.elf.dir/Core/Src/system_stm32h7xx.c.obj (__aeabi_fadd)
c:/programdata/gcc-arm-none-eabi-10.3-2021.10/bin/../lib/gcc/arm-none-eabi/10.3.1/thumb/v7e-m/nofp\libgcc.a(_arm_muldivsf3.o)
                              CMakeFiles/AD9959_H7.elf.dir/Core/Src/system_stm32h7xx.c.obj (__aeabi_fdiv)
c:/programdata/gcc-arm-none-eabi-10.3-2021.10/bin/../lib/gcc/arm-none-eabi/10.3.1/thumb/v7e-m/nofp\libgcc.a(_arm_fixunssfsi.o)
                              CMakeFiles/AD9959_H7.elf.dir/Core/Src/system_stm32h7xx.c.obj (__aeabi_f2uiz)
c:/programdata/gcc-arm-none-eabi-10.3-2021.10/bin/../lib/gcc/arm-none-eabi/10.3.1/../../../../arm-none-eabi/lib/thumb/v7e-m/nofp\libg.a(lib_a-errno.o)
                              CMakeFiles/AD9959_H7.elf.dir/Core/Src/syscalls.c.obj (__errno)
c:/programdata/gcc-arm-none-eabi-10.3-2021.10/bin/../lib/gcc/arm-none-eabi/10.3.1/../../../../arm-none-eabi/lib/thumb/v7e-m/nofp\libg.a(lib_a-exit.o)
                              c:/programdata/gcc-arm-none-eabi-10.3-2021.10/bin/../lib/gcc/arm-none-eabi/10.3.1/../../../../arm-none-eabi/lib/thumb/v7e-m/nofp/crt0.o (exit)
c:/programdata/gcc-arm-none-eabi-10.3-2021.10/bin/../lib/gcc/arm-none-eabi/10.3.1/../../../../arm-none-eabi/lib/thumb/v7e-m/nofp\libg.a(lib_a-impure.o)
                              c:/programdata/gcc-arm-none-eabi-10.3-2021.10/bin/../lib/gcc/arm-none-eabi/10.3.1/../../../../arm-none-eabi/lib/thumb/v7e-m/nofp\libg.a(lib_a-exit.o) (_global_impure_ptr)
c:/programdata/gcc-arm-none-eabi-10.3-2021.10/bin/../lib/gcc/arm-none-eabi/10.3.1/../../../../arm-none-eabi/lib/thumb/v7e-m/nofp\libg.a(lib_a-init.o)
                              c:/programdata/gcc-arm-none-eabi-10.3-2021.10/bin/../lib/gcc/arm-none-eabi/10.3.1/../../../../arm-none-eabi/lib/thumb/v7e-m/nofp/crt0.o (__libc_init_array)
c:/programdata/gcc-arm-none-eabi-10.3-2021.10/bin/../lib/gcc/arm-none-eabi/10.3.1/../../../../arm-none-eabi/lib/thumb/v7e-m/nofp\libg.a(lib_a-memset.o)
                              c:/programdata/gcc-arm-none-eabi-10.3-2021.10/bin/../lib/gcc/arm-none-eabi/10.3.1/../../../../arm-none-eabi/lib/thumb/v7e-m/nofp/crt0.o (memset)
c:/programdata/gcc-arm-none-eabi-10.3-2021.10/bin/../lib/gcc/arm-none-eabi/10.3.1/../../../../arm-none-eabi/lib/thumb/v7e-m/nofp\libg.a(lib_a-__call_atexit.o)
                              c:/programdata/gcc-arm-none-eabi-10.3-2021.10/bin/../lib/gcc/arm-none-eabi/10.3.1/../../../../arm-none-eabi/lib/thumb/v7e-m/nofp\libg.a(lib_a-exit.o) (__call_exitprocs)
c:/programdata/gcc-arm-none-eabi-10.3-2021.10/bin/../lib/gcc/arm-none-eabi/10.3.1/../../../../arm-none-eabi/lib/thumb/v7e-m/nofp\libg.a(lib_a-atexit.o)
                              c:/programdata/gcc-arm-none-eabi-10.3-2021.10/bin/../lib/gcc/arm-none-eabi/10.3.1/../../../../arm-none-eabi/lib/thumb/v7e-m/nofp\libg.a(lib_a-__call_atexit.o) (atexit)
c:/programdata/gcc-arm-none-eabi-10.3-2021.10/bin/../lib/gcc/arm-none-eabi/10.3.1/../../../../arm-none-eabi/lib/thumb/v7e-m/nofp\libg.a(lib_a-fini.o)
                              c:/programdata/gcc-arm-none-eabi-10.3-2021.10/bin/../lib/gcc/arm-none-eabi/10.3.1/../../../../arm-none-eabi/lib/thumb/v7e-m/nofp\libg.a(lib_a-__call_atexit.o) (__libc_fini_array)
c:/programdata/gcc-arm-none-eabi-10.3-2021.10/bin/../lib/gcc/arm-none-eabi/10.3.1/../../../../arm-none-eabi/lib/thumb/v7e-m/nofp\libg.a(lib_a-lock.o)
                              c:/programdata/gcc-arm-none-eabi-10.3-2021.10/bin/../lib/gcc/arm-none-eabi/10.3.1/../../../../arm-none-eabi/lib/thumb/v7e-m/nofp\libg.a(lib_a-__call_atexit.o) (__retarget_lock_acquire_recursive)
c:/programdata/gcc-arm-none-eabi-10.3-2021.10/bin/../lib/gcc/arm-none-eabi/10.3.1/../../../../arm-none-eabi/lib/thumb/v7e-m/nofp\libg.a(lib_a-__atexit.o)
[...]
Memory Configuration

Name             Origin             Length             Attributes
FLASH            0x08000000         0x00200000         xr
DTCMRAM          0x20000000         0x00020000         xrw
RAM_D1           0x24000000         0x00080000         xrw
RAM_D2           0x30000000         0x00048000         xrw
RAM_D3           0x38000000         0x00010000         xrw
ITCMRAM          0x00000000         0x00010000         xrw
*default*        0x00000000         0xffffffff

Linker script and memory map

LOAD c:/programdata/gcc-arm-none-eabi-10.3-2021.10/bin/../lib/gcc/arm-none-eabi/10.3.1/thumb/v7e-m/nofp/crti.o
LOAD c:/programdata/gcc-arm-none-eabi-10.3-2021.10/bin/../lib/gcc/arm-none-eabi/10.3.1/thumb/v7e-m/nofp/crtbegin.o
LOAD c:/programdata/gcc-arm-none-eabi-10.3-2021.10/bin/../lib/gcc/arm-none-eabi/10.3.1/../../../../arm-none-eabi/lib/thumb/v7e-m/nofp/crt0.o
LOAD CMakeFiles/AD9959_H7.elf.dir/Core/Src/gpio.c.obj
LOAD CMakeFiles/AD9959_H7.elf.dir/Core/Src/main.c.obj
LOAD CMakeFiles/AD9959_H7.elf.dir/Core/Src/memorymap.c.obj
LOAD CMakeFiles/AD9959_H7.elf.dir/Core/Src/myad9959.c.obj
LOAD CMakeFiles/AD9959_H7.elf.dir/Core/Src/stm32h7xx_hal_msp.c.obj
LOAD CMakeFiles/AD9959_H7.elf.dir/Core/Src/stm32h7xx_it.c.obj
LOAD CMakeFiles/AD9959_H7.elf.dir/Core/Src/syscalls.c.obj
LOAD CMakeFiles/AD9959_H7.elf.dir/Core/Src/sysmem.c.obj
LOAD CMakeFiles/AD9959_H7.elf.dir/Core/Src/system_stm32h7xx.c.obj
LOAD CMakeFiles/AD9959_H7.elf.dir/Core/Startup/startup_stm32h743vitx.s.obj
LOAD CMakeFiles/AD9959_H7.elf.dir/Drivers/STM32H7xx_HAL_Driver/Src/stm32h7xx_hal.c.obj
LOAD CMakeFiles/AD9959_H7.elf.dir/Drivers/STM32H7xx_HAL_Driver/Src/stm32h7xx_hal_cortex.c.obj
LOAD CMakeFiles/AD9959_H7.elf.dir/Drivers/STM32H7xx_HAL_Driver/Src/stm32h7xx_hal_dma.c.obj
LOAD CMakeFiles/AD9959_H7.elf.dir/Drivers/STM32H7xx_HAL_Driver/Src/stm32h7xx_hal_dma_ex.c.obj
LOAD CMakeFiles/AD9959_H7.elf.dir/Drivers/STM32H7xx_HAL_Driver/Src/stm32h7xx_hal_exti.c.obj
LOAD CMakeFiles/AD9959_H7.elf.dir/Drivers/STM32H7xx_HAL_Driver/Src/stm32h7xx_hal_flash.c.obj
LOAD CMakeFiles/AD9959_H7.elf.dir/Drivers/STM32H7xx_HAL_Driver/Src/stm32h7xx_hal_flash_ex.c.obj
LOAD CMakeFiles/AD9959_H7.elf.dir/Drivers/STM32H7xx_HAL_Driver/Src/stm32h7xx_hal_gpio.c.obj
LOAD CMakeFiles/AD9959_H7.elf.dir/Drivers/STM32H7xx_HAL_Driver/Src/stm32h7xx_hal_hsem.c.obj
LOAD CMakeFiles/AD9959_H7.elf.dir/Drivers/STM32H7xx_HAL_Driver/Src/stm32h7xx_hal_i2c.c.obj
LOAD CMakeFiles/AD9959_H7.elf.dir/Drivers/STM32H7xx_HAL_Driver/Src/stm32h7xx_hal_i2c_ex.c.obj
LOAD CMakeFiles/AD9959_H7.elf.dir/Drivers/STM32H7xx_HAL_Driver/Src/stm32h7xx_hal_mdma.c.obj
LOAD CMakeFiles/AD9959_H7.elf.dir/Drivers/STM32H7xx_HAL_Driver/Src/stm32h7xx_hal_pwr.c.obj
LOAD CMakeFiles/AD9959_H7.elf.dir/Drivers/STM32H7xx_HAL_Driver/Src/stm32h7xx_hal_pwr_ex.c.obj
LOAD CMakeFiles/AD9959_H7.elf.dir/Drivers/STM32H7xx_HAL_Driver/Src/stm32h7xx_hal_rcc.c.obj
LOAD CMakeFiles/AD9959_H7.elf.dir/Drivers/STM32H7xx_HAL_Driver/Src/stm32h7xx_hal_rcc_ex.c.obj
START GROUP
LOAD c:/programdata/gcc-arm-none-eabi-10.3-2021.10/bin/../lib/gcc/arm-none-eabi/10.3.1/thumb/v7e-m/nofp\libgcc.a
LOAD c:/programdata/gcc-arm-none-eabi-10.3-2021.10/bin/../lib/gcc/arm-none-eabi/10.3.1/../../../../arm-none-eabi/lib/thumb/v7e-m/nofp\libg.a
LOAD c:/programdata/gcc-arm-none-eabi-10.3-2021.10/bin/../lib/gcc/arm-none-eabi/10.3.1/../../../../arm-none-eabi/lib/thumb/v7e-m/nofp\libc.a
END GROUP
LOAD c:/programdata/gcc-arm-none-eabi-10.3-2021.10/bin/../lib/gcc/arm-none-eabi/10.3.1/thumb/v7e-m/nofp/crtend.o
LOAD c:/programdata/gcc-arm-none-eabi-10.3-2021.10/bin/../lib/gcc/arm-none-eabi/10.3.1/thumb/v7e-m/nofp/crtn.o
                0x24080000                _estack = (ORIGIN (RAM_D1) + LENGTH (RAM_D1))
                0x00000200                _Min_Heap_Size = 0x200
                0x00000400                _Min_Stack_Size = 0x400

.isr_vector     0x08000000      0x298
                0x08000000                . = ALIGN (0x4)
 *(.isr_vector)
 .isr_vector    0x08000000      0x298 CMakeFiles/AD9959_H7.elf.dir/Core/Startup/startup_stm32h743vitx.s.obj
                0x08000000                g_pfnVectors
                0x08000298                . = ALIGN (0x4)

.text           0x08000298     0x24cc
                0x08000298                . = ALIGN (0x4)
 *(.text)
 .text          0x08000298       0x40 c:/programdata/gcc-arm-none-eabi-10.3-2021.10/bin/../lib/gcc/arm-none-eabi/10.3.1/thumb/v7e-m/nofp/crtbegin.o
 .text          0x080002d8      0x254 c:/programdata/gcc-arm-none-eabi-10.3-2021.10/bin/../lib/gcc/arm-none-eabi/10.3.1/thumb/v7e-m/nofp\libgcc.a(_arm_muldf3.o)
                0x080002d8                __muldf3
                0x080002d8                __aeabi_dmul
 .text          0x0800052c      0x378 c:/programdata/gcc-arm-none-eabi-10.3-2021.10/bin/../lib/gcc/arm-none-eabi/10.3.1/thumb/v7e-m/nofp\libgcc.a(_arm_addsubdf3.o)
                0x0800052c                __aeabi_drsub
                0x08000534                __aeabi_dsub
                0x08000534                __subdf3
                0x08000538                __aeabi_dadd
                0x08000538                __adddf3
                0x080007b0                __floatunsidf
                0x080007b0                __aeabi_ui2d
                0x080007d0                __floatsidf
                0x080007d0                __aeabi_i2d
                0x080007f4                __aeabi_f2d
                0x080007f4                __extendsfdf2
                0x08000838                __floatundidf
                0x08000838                __aeabi_ul2d
                0x08000848                __floatdidf
                0x08000848                __aeabi_l2d
 .text          0x080008a4       0x40 c:/programdata/gcc-arm-none-eabi-10.3-2021.10/bin/../lib/gcc/arm-none-eabi/10.3.1/thumb/v7e-m/nofp\libgcc.a(_arm_fixunsdfsi.o)
                0x080008a4                __aeabi_d2uiz
                0x080008a4                __fixunsdfsi
 .text          0x080008e4      0x21c c:/programdata/gcc-arm-none-eabi-10.3-2021.10/bin/../lib/gcc/arm-none-eabi/10.3.1/thumb/v7e-m/nofp\libgcc.a(_arm_addsubsf3.o)
                0x080008e4                __aeabi_frsub
                0x080008ec                __subsf3
                0x080008ec                __aeabi_fsub
                0x080008f0                __aeabi_fadd
                0x080008f0                __addsf3
                0x08000a50                __aeabi_ui2f
                0x08000a50                __floatunsisf
                0x08000a58                __aeabi_i2f
                0x08000a58                __floatsisf
                0x08000a74                __aeabi_ul2f
                0x08000a74                __floatundisf
                0x08000a84                __aeabi_l2f
                0x08000a84                __floatdisf
 .text          0x08000b00      0x2a0 c:/programdata/gcc-arm-none-eabi-10.3-2021.10/bin/../lib/gcc/arm-none-eabi/10.3.1/thumb/v7e-m/nofp\libgcc.a(_arm_muldivsf3.o)
                0x08000b00                __mulsf3
                0x08000b00                __aeabi_fmul
                0x08000c68                __aeabi_fdiv
                0x08000c68                __divsf3
 .text          0x08000da0       0x40 c:/programdata/gcc-arm-none-eabi-10.3-2021.10/bin/../lib/gcc/arm-none-eabi/10.3.1/thumb/v7e-m/nofp\libgcc.a(_arm_fixunssfsi.o)
                0x08000da0                __fixunssfsi
                0x08000da0                __aeabi_f2uiz
 *(.text*)
 .text.MX_GPIO_Init
                0x08000de0       0xf4 CMakeFiles/AD9959_H7.elf.dir/Core/Src/gpio.c.obj
                0x08000de0                MX_GPIO_Init
 .text.MPU_Config
                0x08000ed4       0x52 CMakeFiles/AD9959_H7.elf.dir/Core/Src/main.c.obj
 .text.Error_Handler
                0x08000f26        0x4 CMakeFiles/AD9959_H7.elf.dir/Core/Src/main.c.obj
                0x08000f26                Error_Handler
 *fill*         0x08000f2a        0x2 
 .text.SystemClock_Config
                0x08000f2c       0xc4 CMakeFiles/AD9959_H7.elf.dir/Core/Src/main.c.obj
                0x08000f2c                SystemClock_Config
 .text.main     0x08000ff0       0xb8 CMakeFiles/AD9959_H7.elf.dir/Core/Src/main.c.obj
                0x08000ff0                main
 .text.ad9959_delay
                0x080010a8       0x22 CMakeFiles/AD9959_H7.elf.dir/Core/Src/myad9959.c.obj
                0x080010a8                ad9959_delay
 *fill*         0x080010ca        0x2 
 .text.ad9959_init
                0x080010cc       0xa4 CMakeFiles/AD9959_H7.elf.dir/Core/Src/myad9959.c.obj
                0x080010cc                ad9959_init
 .text.IO_update
                0x08001170       0x3c CMakeFiles/AD9959_H7.elf.dir/Core/Src/myad9959.c.obj
                0x08001170                IO_update
 .text.AD9959_WriteData
                0x080011ac       0xf4 CMakeFiles/AD9959_H7.elf.dir/Core/Src/myad9959.c.obj
                0x080011ac                AD9959_WriteData
 .text.AD9959_Get_CFTW0_Data
                0x080012a0       0x30 CMakeFiles/AD9959_H7.elf.dir/Core/Src/myad9959.c.obj
                0x080012a0                AD9959_Get_CFTW0_Data
 .text.AD9959_Get_CPOW0_Data
                0x080012d0       0x28 CMakeFiles/AD9959_H7.elf.dir/Core/Src/myad9959.c.obj
                0x080012d0                AD9959_Get_CPOW0_Data
 .text.AD9959_Get_ACR_Data
                0x080012f8        0xe CMakeFiles/AD9959_H7.elf.dir/Core/Src/myad9959.c.obj
                0x080012f8                AD9959_Get_ACR_Data
 *fill*         0x08001306        0x2 
 .text.ad9959_channel_sel_enable
                0x08001308       0x20 CMakeFiles/AD9959_H7.elf.dir/Core/Src/myad9959.c.obj
                0x08001308                ad9959_channel_sel_enable
 .text.ad9959_set_signal_out
                0x08001328       0x90 CMakeFiles/AD9959_H7.elf.dir/Core/Src/myad9959.c.obj
                0x08001328                ad9959_set_signal_out
 .text.HAL_MspInit
                0x080013b8       0x24 CMakeFiles/AD9959_H7.elf.dir/Core/Src/stm32h7xx_hal_msp.c.obj
                0x080013b8                HAL_MspInit
 .text.NMI_Handler
                0x080013dc        0x2 CMakeFiles/AD9959_H7.elf.dir/Core/Src/stm32h7xx_it.c.obj
                0x080013dc                NMI_Handler
 .text.HardFault_Handler
                0x080013de        0x2 CMakeFiles/AD9959_H7.elf.dir/Core/Src/stm32h7xx_it.c.obj
                0x080013de                HardFault_Handler
 .text.MemManage_Handler
                0x080013e0        0x2 CMakeFiles/AD9959_H7.elf.dir/Core/Src/stm32h7xx_it.c.obj
                0x080013e0                MemManage_Handler
 .text.BusFault_Handler
                0x080013e2        0x2 CMakeFiles/AD9959_H7.elf.dir/Core/Src/stm32h7xx_it.c.obj
                0x080013e2                BusFault_Handler
 .text.UsageFault_Handler
                0x080013e4        0x2 CMakeFiles/AD9959_H7.elf.dir/Core/Src/stm32h7xx_it.c.obj
                0x080013e4                UsageFault_Handler
 .text.SVC_Handler
                0x080013e6        0x2 CMakeFiles/AD9959_H7.elf.dir/Core/Src/stm32h7xx_it.c.obj
                0x080013e6                SVC_Handler
 .text.DebugMon_Handler
                0x080013e8        0x2 CMakeFiles/AD9959_H7.elf.dir/Core/Src/stm32h7xx_it.c.obj
                0x080013e8                DebugMon_Handler
 .text.PendSV_Handler
                0x080013ea        0x2 CMakeFiles/AD9959_H7.elf.dir/Core/Src/stm32h7xx_it.c.obj
                0x080013ea                PendSV_Handler
 .text.SysTick_Handler
                0x080013ec        0x8 CMakeFiles/AD9959_H7.elf.dir/Core/Src/stm32h7xx_it.c.obj
                0x080013ec                SysTick_Handler
 .text.SystemInit
                0x080013f4       0xe0 CMakeFiles/AD9959_H7.elf.dir/Core/Src/system_stm32h7xx.c.obj
                0x080013f4                SystemInit
 .text.ExitRun0Mode
                0x080014d4       0x1c CMakeFiles/AD9959_H7.elf.dir/Core/Src/system_stm32h7xx.c.obj
                0x080014d4                ExitRun0Mode
 .text.Reset_Handler
                0x080014f0       0x54 CMakeFiles/AD9959_H7.elf.dir/Core/Startup/startup_stm32h743vitx.s.obj
                0x080014f0                Reset_Handler
 .text.Default_Handler
                0x08001544        0x2 CMakeFiles/AD9959_H7.elf.dir/Core/Startup/startup_stm32h743vitx.s.obj
                0x08001544                RTC_Alarm_IRQHandler
                0x08001544                EXTI2_IRQHandler
                0x08001544                TIM8_CC_IRQHandler
                0x08001544                HRTIM1_Master_IRQHandler
                0x08001544                UART8_IRQHandler
                0x08001544                SPI4_IRQHandler
                0x08001544                TIM1_CC_IRQHandler
                0x08001544                BDMA_Channel6_IRQHandler
                0x08001544                DMA2_Stream5_IRQHandler
                0x08001544                HRTIM1_FLT_IRQHandler
                0x08001544                JPEG_IRQHandler
                0x08001544                DMA1_Stream5_IRQHandler
                0x08001544                BDMA_Channel1_IRQHandler
                0x08001544                HRTIM1_TIMD_IRQHandler
                0x08001544                TAMP_STAMP_IRQHandler
                0x08001544                EXTI3_IRQHandler
                0x08001544                LPTIM4_IRQHandler
                0x08001544                TIM8_TRG_COM_TIM14_IRQHandler
                0x08001544                LPTIM2_IRQHandler
                0x08001544                DFSDM1_FLT1_IRQHandler
                0x08001544                DMAMUX2_OVR_IRQHandler
                0x08001544                TIM8_UP_TIM13_IRQHandler
                0x08001544                I2C3_ER_IRQHandler
                0x08001544                DFSDM1_FLT2_IRQHandler
                0x08001544                MDMA_IRQHandler
                0x08001544                LPTIM3_IRQHandler
                0x08001544                HSEM1_IRQHandler
                0x08001544                EXTI0_IRQHandler
                0x08001544                I2C2_EV_IRQHandler
                0x08001544                DMA1_Stream2_IRQHandler
                0x08001544                FPU_IRQHandler
                0x08001544                OTG_HS_WKUP_IRQHandler
                0x08001544                FDCAN1_IT1_IRQHandler
                0x08001544                LTDC_ER_IRQHandler
                0x08001544                DMA2_Stream2_IRQHandler
                0x08001544                HRTIM1_TIME_IRQHandler
                0x08001544                SPI1_IRQHandler
                0x08001544                TIM6_DAC_IRQHandler
                0x08001544                DCMI_IRQHandler
                0x08001544                HRTIM1_TIMC_IRQHandler
                0x08001544                DMA2_Stream3_IRQHandler
                0x08001544                SAI2_IRQHandler
                0x08001544                DFSDM1_FLT3_IRQHandler
                0x08001544                USART6_IRQHandler
                0x08001544                TIM17_IRQHandler
                0x08001544                USART3_IRQHandler
                0x08001544                BDMA_Channel7_IRQHandler
                0x08001544                LPTIM5_IRQHandler
                0x08001544                UART5_IRQHandler
                0x08001544                ADC3_IRQHandler
                0x08001544                DMA2_Stream0_IRQHandler
                0x08001544                TIM4_IRQHandler
                0x08001544                BDMA_Channel2_IRQHandler
                0x08001544                QUADSPI_IRQHandler
                0x08001544                I2C1_EV_IRQHandler
                0x08001544                DMA1_Stream6_IRQHandler
                0x08001544                DMAMUX1_OVR_IRQHandler
                0x08001544                DMA1_Stream1_IRQHandler
                0x08001544                TIM16_IRQHandler
                0x08001544                UART4_IRQHandler
                0x08001544                BDMA_Channel5_IRQHandler
                0x08001544                TIM3_IRQHandler
                0x08001544                RCC_IRQHandler
                0x08001544                TIM8_BRK_TIM12_IRQHandler
                0x08001544                TIM1_TRG_COM_IRQHandler
                0x08001544                Default_Handler
                0x08001544                ECC_IRQHandler
                0x08001544                CEC_IRQHandler
                0x08001544                EXTI15_10_IRQHandler
                0x08001544                BDMA_Channel0_IRQHandler
                0x08001544                ADC_IRQHandler
                0x08001544                DMA1_Stream7_IRQHandler
                0x08001544                HRTIM1_TIMA_IRQHandler
                0x08001544                SPI5_IRQHandler
                0x08001544                TIM7_IRQHandler
                0x08001544                SDMMC1_IRQHandler
                0x08001544                TIM5_IRQHandler
                0x08001544                DMA2_Stream7_IRQHandler
                0x08001544                TIM15_IRQHandler
                0x08001544                PVD_AVD_IRQHandler
                0x08001544                I2C3_EV_IRQHandler
                0x08001544                EXTI9_5_IRQHandler
                0x08001544                RTC_WKUP_IRQHandler
                0x08001544                LTDC_IRQHandler
                0x08001544                SAI3_IRQHandler
                0x08001544                ETH_WKUP_IRQHandler
                0x08001544                SPDIF_RX_IRQHandler
                0x08001544                SPI2_IRQHandler
                0x08001544                OTG_HS_EP1_IN_IRQHandler
                0x08001544                DMA1_Stream0_IRQHandler
                0x08001544                CRS_IRQHandler
                0x08001544                EXTI4_IRQHandler
                0x08001544                RNG_IRQHandler
                0x08001544                HRTIM1_TIMB_IRQHandler
                0x08001544                FDCAN2_IT1_IRQHandler
                0x08001544                ETH_IRQHandler
                0x08001544                TIM1_UP_IRQHandler
                0x08001544                BDMA_Channel4_IRQHandler
                0x08001544                OTG_HS_EP1_OUT_IRQHandler
                0x08001544                WWDG_IRQHandler
                0x08001544                SPI6_IRQHandler
                0x08001544                MDIOS_IRQHandler
                0x08001544                I2C4_EV_IRQHandler
                0x08001544                FDCAN2_IT0_IRQHandler
                0x08001544                LPUART1_IRQHandler
                0x08001544                FDCAN1_IT0_IRQHandler
                0x08001544                TIM2_IRQHandler
                0x08001544                OTG_FS_WKUP_IRQHandler
                0x08001544                OTG_HS_IRQHandler
                0x08001544                DMA2D_IRQHandler
                0x08001544                TIM1_BRK_IRQHandler
                0x08001544                EXTI1_IRQHandler
                0x08001544                SDMMC2_IRQHandler
                0x08001544                OTG_FS_EP1_OUT_IRQHandler
                0x08001544                BDMA_Channel3_IRQHandler
                0x08001544                UART7_IRQHandler
                0x08001544                MDIOS_WKUP_IRQHandler
                0x08001544                USART2_IRQHandler
                0x08001544                DFSDM1_FLT0_IRQHandler
                0x08001544                SAI4_IRQHandler
                0x08001544                I2C2_ER_IRQHandler
                0x08001544                DMA2_Stream1_IRQHandler
                0x08001544                FLASH_IRQHandler
                0x08001544                DMA2_Stream4_IRQHandler
                0x08001544                USART1_IRQHandler
                0x08001544                OTG_FS_IRQHandler
                0x08001544                SPI3_IRQHandler
                0x08001544                WAKEUP_PIN_IRQHandler
                0x08001544                DMA1_Stream4_IRQHandler
                0x08001544                OTG_FS_EP1_IN_IRQHandler
                0x08001544                I2C1_ER_IRQHandler
                0x08001544                FMC_IRQHandler
                0x08001544                FDCAN_CAL_IRQHandler
                0x08001544                SWPMI1_IRQHandler
                0x08001544                COMP1_IRQHandler
                0x08001544                LPTIM1_IRQHandler
                0x08001544                I2C4_ER_IRQHandler
                0x08001544                DMA2_Stream6_IRQHandler
                0x08001544                SAI1_IRQHandler
                0x08001544                DMA1_Stream3_IRQHandler
 *fill*         0x08001546        0x2 
 .text.HAL_InitTick
                0x08001548       0x50 CMakeFiles/AD9959_H7.elf.dir/Drivers/STM32H7xx_HAL_Driver/Src/stm32h7xx_hal.c.obj
                0x08001548                HAL_InitTick
 .text.HAL_Init
                0x08001598       0x5c CMakeFiles/AD9959_H7.elf.dir/Drivers/STM32H7xx_HAL_Driver/Src/stm32h7xx_hal.c.obj
                0x08001598                HAL_Init
 .text.HAL_IncTick
                0x080015f4       0x18 CMakeFiles/AD9959_H7.elf.dir/Drivers/STM32H7xx_HAL_Driver/Src/stm32h7xx_hal.c.obj
                0x080015f4                HAL_IncTick
 .text.HAL_GetTick
                0x0800160c        0xc CMakeFiles/AD9959_H7.elf.dir/Drivers/STM32H7xx_HAL_Driver/Src/stm32h7xx_hal.c.obj
                0x0800160c                HAL_GetTick
 .text.HAL_Delay
                0x08001618       0x28 CMakeFiles/AD9959_H7.elf.dir/Drivers/STM32H7xx_HAL_Driver/Src/stm32h7xx_hal.c.obj
                0x08001618                HAL_Delay
 .text.HAL_GetREVID
                0x08001640        0xc CMakeFiles/AD9959_H7.elf.dir/Drivers/STM32H7xx_HAL_Driver/Src/stm32h7xx_hal.c.obj
                0x08001640                HAL_GetREVID
 .text.HAL_NVIC_SetPriorityGrouping
                0x0800164c       0x24 CMakeFiles/AD9959_H7.elf.dir/Drivers/STM32H7xx_HAL_Driver/Src/stm32h7xx_hal_cortex.c.obj
                0x0800164c                HAL_NVIC_SetPriorityGrouping
 .text.HAL_NVIC_SetPriority
                0x08001670       0x6c CMakeFiles/AD9959_H7.elf.dir/Drivers/STM32H7xx_HAL_Driver/Src/stm32h7xx_hal_cortex.c.obj
                0x08001670                HAL_NVIC_SetPriority
 .text.HAL_SYSTICK_Config
                0x080016dc       0x28 CMakeFiles/AD9959_H7.elf.dir/Drivers/STM32H7xx_HAL_Driver/Src/stm32h7xx_hal_cortex.c.obj
                0x080016dc                HAL_SYSTICK_Config
 .text.HAL_MPU_Disable
                0x08001704       0x1c CMakeFiles/AD9959_H7.elf.dir/Drivers/STM32H7xx_HAL_Driver/Src/stm32h7xx_hal_cortex.c.obj
                0x08001704                HAL_MPU_Disable
 .text.HAL_MPU_Enable
                0x08001720       0x20 CMakeFiles/AD9959_H7.elf.dir/Drivers/STM32H7xx_HAL_Driver/Src/stm32h7xx_hal_cortex.c.obj
                0x08001720                HAL_MPU_Enable
 .text.HAL_MPU_ConfigRegion
                0x08001740       0x58 CMakeFiles/AD9959_H7.elf.dir/Drivers/STM32H7xx_HAL_Driver/Src/stm32h7xx_hal_cortex.c.obj
                0x08001740                HAL_MPU_ConfigRegion
 .text.HAL_GPIO_Init
                0x08001798      0x228 CMakeFiles/AD9959_H7.elf.dir/Drivers/STM32H7xx_HAL_Driver/Src/stm32h7xx_hal_gpio.c.obj
                0x08001798                HAL_GPIO_Init
 .text.HAL_GPIO_WritePin
                0x080019c0        0xc CMakeFiles/AD9959_H7.elf.dir/Drivers/STM32H7xx_HAL_Driver/Src/stm32h7xx_hal_gpio.c.obj
                0x080019c0                HAL_GPIO_WritePin
 .text.HAL_PWREx_ConfigSupply
                0x080019cc       0x54 CMakeFiles/AD9959_H7.elf.dir/Drivers/STM32H7xx_HAL_Driver/Src/stm32h7xx_hal_pwr_ex.c.obj
                0x080019cc                HAL_PWREx_ConfigSupply
 .text.HAL_RCC_OscConfig
                0x08001a20      0x6b4 CMakeFiles/AD9959_H7.elf.dir/Drivers/STM32H7xx_HAL_Driver/Src/stm32h7xx_hal_rcc.c.obj
                0x08001a20                HAL_RCC_OscConfig
 .text.HAL_RCC_GetSysClockFreq
                0x080020d4      0x218 CMakeFiles/AD9959_H7.elf.dir/Drivers/STM32H7xx_HAL_Driver/Src/stm32h7xx_hal_rcc.c.obj
                0x080020d4                HAL_RCC_GetSysClockFreq
 .text.HAL_RCC_ClockConfig
                0x080022ec      0x294 CMakeFiles/AD9959_H7.elf.dir/Drivers/STM32H7xx_HAL_Driver/Src/stm32h7xx_hal_rcc.c.obj
                0x080022ec                HAL_RCC_ClockConfig
 .text.__libc_init_array
                0x08002580       0x48 c:/programdata/gcc-arm-none-eabi-10.3-2021.10/bin/../lib/gcc/arm-none-eabi/10.3.1/../../../../arm-none-eabi/lib/thumb/v7e-m/nofp\libg.a(lib_a-init.o)
                0x08002580                __libc_init_array
 .text.memset   0x080025c8       0xa4 c:/programdata/gcc-arm-none-eabi-10.3-2021.10/bin/../lib/gcc/arm-none-eabi/10.3.1/../../../../arm-none-eabi/lib/thumb/v7e-m/nofp\libg.a(lib_a-memset.o)
                0x080025c8                memset
 .text.startup.register_fini
                0x0800266c       0x14 c:/programdata/gcc-arm-none-eabi-10.3-2021.10/bin/../lib/gcc/arm-none-eabi/10.3.1/../../../../arm-none-eabi/lib/thumb/v7e-m/nofp\libg.a(lib_a-__call_atexit.o)
 .text.atexit   0x08002680        0xc c:/programdata/gcc-arm-none-eabi-10.3-2021.10/bin/../lib/gcc/arm-none-eabi/10.3.1/../../../../arm-none-eabi/lib/thumb/v7e-m/nofp\libg.a(lib_a-atexit.o)
                0x08002680                atexit
 .text.__libc_fini_array
                0x0800268c       0x2c c:/programdata/gcc-arm-none-eabi-10.3-2021.10/bin/../lib/gcc/arm-none-eabi/10.3.1/../../../../arm-none-eabi/lib/thumb/v7e-m/nofp\libg.a(lib_a-fini.o)
                0x0800268c                __libc_fini_array
 .text.__retarget_lock_acquire_recursive
                0x080026b8        0x4 c:/programdata/gcc-arm-none-eabi-10.3-2021.10/bin/../lib/gcc/arm-none-eabi/10.3.1/../../../../arm-none-eabi/lib/thumb/v7e-m/nofp\libg.a(lib_a-lock.o)
                0x080026b8                __retarget_lock_acquire_recursive
 .text.__retarget_lock_release_recursive
                0x080026bc        0x4 c:/programdata/gcc-arm-none-eabi-10.3-2021.10/bin/../lib/gcc/arm-none-eabi/10.3.1/../../../../arm-none-eabi/lib/thumb/v7e-m/nofp\libg.a(lib_a-lock.o)
                0x080026bc                __retarget_lock_release_recursive
 .text.__register_exitproc
                0x080026c0       0x8c c:/programdata/gcc-arm-none-eabi-10.3-2021.10/bin/../lib/gcc/arm-none-eabi/10.3.1/../../../../arm-none-eabi/lib/thumb/v7e-m/nofp\libg.a(lib_a-__atexit.o)
                0x080026c0                __register_exitproc
 *(.glue_7)
 .glue_7        0x0800274c        0x0 linker stubs
 *(.glue_7t)
 .glue_7t       0x0800274c        0x0 linker stubs
 *(.eh_frame)
 .eh_frame      0x0800274c        0x0 c:/programdata/gcc-arm-none-eabi-10.3-2021.10/bin/../lib/gcc/arm-none-eabi/10.3.1/thumb/v7e-m/nofp/crtbegin.o
 *(.init)
 .init          0x0800274c        0x4 c:/programdata/gcc-arm-none-eabi-10.3-2021.10/bin/../lib/gcc/arm-none-eabi/10.3.1/thumb/v7e-m/nofp/crti.o
                0x0800274c                _init
 .init          0x08002750        0x8 c:/programdata/gcc-arm-none-eabi-10.3-2021.10/bin/../lib/gcc/arm-none-eabi/10.3.1/thumb/v7e-m/nofp/crtn.o
 *(.fini)
 .fini          0x08002758        0x4 c:/programdata/gcc-arm-none-eabi-10.3-2021.10/bin/../lib/gcc/arm-none-eabi/10.3.1/thumb/v7e-m/nofp/crti.o
                0x08002758                _fini
 .fini          0x0800275c        0x8 c:/programdata/gcc-arm-none-eabi-10.3-2021.10/bin/../lib/gcc/arm-none-eabi/10.3.1/thumb/v7e-m/nofp/crtn.o
                0x08002764                . = ALIGN (0x4)
                0x08002764                _etext = .

.vfp11_veneer   0x08002764        0x0
 .vfp11_veneer  0x08002764        0x0 linker stubs

.v4_bx          0x08002764        0x0
 .v4_bx         0x08002764        0x0 linker stubs

.iplt           0x08002764        0x0
 .iplt          0x08002764        0x0 c:/programdata/gcc-arm-none-eabi-10.3-2021.10/bin/../lib/gcc/arm-none-eabi/10.3.1/thumb/v7e-m/nofp/crtbegin.o

.rodata         0x08002764       0x24
                0x08002764                . = ALIGN (0x4)
 *(.rodata)
 .rodata        0x08002764        0xf CMakeFiles/AD9959_H7.elf.dir/Core/Src/myad9959.c.obj
 *(.rodata*)
 *fill*         0x08002773        0x1 
 .rodata.D1CorePrescTable
                0x08002774       0x10 CMakeFiles/AD9959_H7.elf.dir/Core/Src/system_stm32h7xx.c.obj
                0x08002774                D1CorePrescTable
 .rodata._global_impure_ptr
                0x08002784        0x4 c:/programdata/gcc-arm-none-eabi-10.3-2021.10/bin/../lib/gcc/arm-none-eabi/10.3.1/../../../../arm-none-eabi/lib/thumb/v7e-m/nofp\libg.a(lib_a-impure.o)
                0x08002784                _global_impure_ptr
                0x08002788                . = ALIGN (0x4)

.rel.dyn        0x08002788        0x0
 .rel.iplt      0x08002788        0x0 c:/programdata/gcc-arm-none-eabi-10.3-2021.10/bin/../lib/gcc/arm-none-eabi/10.3.1/thumb/v7e-m/nofp/crtbegin.o

.ARM.extab
 *(.ARM.extab* .gnu.linkonce.armextab.*)

.ARM            0x08002788        0x0
                0x08002788                __exidx_start = .
 *(.ARM.exidx*)
                0x08002788                __exidx_end = .

.preinit_array  0x08002788        0x0
                0x08002788                PROVIDE (__preinit_array_start = .)
 *(.preinit_array*)
                0x08002788                PROVIDE (__preinit_array_end = .)

.init_array     0x08002788        0x8
                0x08002788                PROVIDE (__init_array_start = .)
 *(SORT_BY_NAME(.init_array.*))
 .init_array.00000
                0x08002788        0x4 c:/programdata/gcc-arm-none-eabi-10.3-2021.10/bin/../lib/gcc/arm-none-eabi/10.3.1/../../../../arm-none-eabi/lib/thumb/v7e-m/nofp\libg.a(lib_a-__call_atexit.o)
 *(.init_array*)
 .init_array    0x0800278c        0x4 c:/programdata/gcc-arm-none-eabi-10.3-2021.10/bin/../lib/gcc/arm-none-eabi/10.3.1/thumb/v7e-m/nofp/crtbegin.o
                0x08002790                PROVIDE (__init_array_end = .)

.fini_array     0x08002790        0x4
                0x08002790                PROVIDE (__fini_array_start = .)
 *(SORT_BY_NAME(.fini_array.*))
 *(.fini_array*)
 .fini_array    0x08002790        0x4 c:/programdata/gcc-arm-none-eabi-10.3-2021.10/bin/../lib/gcc/arm-none-eabi/10.3.1/thumb/v7e-m/nofp/crtbegin.o
                0x08002794                PROVIDE (__fini_array_end = .)
                0x08002794                _sidata = LOADADDR (.data)

.data           0x24000000      0x43c load address 0x08002794
                0x24000000                . = ALIGN (0x4)
                0x24000000                _sdata = .
 *(.data)
 *(.data*)
 .data.SystemCoreClock
                0x24000000        0x4 CMakeFiles/AD9959_H7.elf.dir/Core/Src/system_stm32h7xx.c.obj
                0x24000000                SystemCoreClock
 .data.SystemD2Clock
                0x24000004        0x4 CMakeFiles/AD9959_H7.elf.dir/Core/Src/system_stm32h7xx.c.obj
                0x24000004                SystemD2Clock
 .data.uwTickFreq
                0x24000008        0x1 CMakeFiles/AD9959_H7.elf.dir/Drivers/STM32H7xx_HAL_Driver/Src/stm32h7xx_hal.c.obj
                0x24000008                uwTickFreq
 *fill*         0x24000009        0x3 
 .data.uwTickPrio
                0x2400000c        0x4 CMakeFiles/AD9959_H7.elf.dir/Drivers/STM32H7xx_HAL_Driver/Src/stm32h7xx_hal.c.obj
                0x2400000c                uwTickPrio
 .data.impure_data
                0x24000010      0x428 c:/programdata/gcc-arm-none-eabi-10.3-2021.10/bin/../lib/gcc/arm-none-eabi/10.3.1/../../../../arm-none-eabi/lib/thumb/v7e-m/nofp\libg.a(lib_a-impure.o)
 .data.__atexit_recursive_mutex
                0x24000438        0x4 c:/programdata/gcc-arm-none-eabi-10.3-2021.10/bin/../lib/gcc/arm-none-eabi/10.3.1/../../../../arm-none-eabi/lib/thumb/v7e-m/nofp\libg.a(lib_a-__call_atexit.o)
                0x24000438                __atexit_recursive_mutex
 *(.RamFunc)
 *(.RamFunc*)
                0x2400043c                . = ALIGN (0x4)
                0x2400043c                _edata = .

.igot.plt       0x2400043c        0x0 load address 0x08002bd0
 .igot.plt      0x2400043c        0x0 c:/programdata/gcc-arm-none-eabi-10.3-2021.10/bin/../lib/gcc/arm-none-eabi/10.3.1/thumb/v7e-m/nofp/crtbegin.o
                0x2400043c                . = ALIGN (0x4)

.bss            0x2400043c       0x24 load address 0x08002bd0
                0x2400043c                _sbss = .
                0x2400043c                __bss_start__ = _sbss
 *(.bss)
 .bss           0x2400043c       0x1c c:/programdata/gcc-arm-none-eabi-10.3-2021.10/bin/../lib/gcc/arm-none-eabi/10.3.1/thumb/v7e-m/nofp/crtbegin.o
 *(.bss*)
 .bss.uwTick    0x24000458        0x4 CMakeFiles/AD9959_H7.elf.dir/Drivers/STM32H7xx_HAL_Driver/Src/stm32h7xx_hal.c.obj
                0x24000458                uwTick
 .bss.__lock___atexit_recursive_mutex
                0x2400045c        0x1 c:/programdata/gcc-arm-none-eabi-10.3-2021.10/bin/../lib/gcc/arm-none-eabi/10.3.1/../../../../arm-none-eabi/lib/thumb/v7e-m/nofp\libg.a(lib_a-lock.o)
                0x2400045c                __lock___atexit_recursive_mutex
 *(COMMON)
                0x24000460                . = ALIGN (0x4)
 *fill*         0x2400045d        0x3 
                0x24000460                _ebss = .
                0x24000460                __bss_end__ = _ebss

._user_heap_stack
                0x24000460      0x600 load address 0x08002bd0
                0x24000460                . = ALIGN (0x8)
                [!provide]                PROVIDE (end = .)
                0x24000460                PROVIDE (_end = .)
                0x24000660                . = (. + _Min_Heap_Size)
 *fill*         0x24000460      0x200 
                0x24000a60                . = (. + _Min_Stack_Size)
 *fill*         0x24000660      0x400 
                0x24000a60                . = ALIGN (0x8)

/DISCARD/
 libc.a(*)
 libm.a(*)
 libgcc.a(*)

.ARM.attributes
                0x00000000       0x2a
 *(.ARM.attributes)
 .ARM.attributes
                0x00000000       0x1e c:/programdata/gcc-arm-none-eabi-10.3-2021.10/bin/../lib/gcc/arm-none-eabi/10.3.1/thumb/v7e-m/nofp/crti.o
 .ARM.attributes
                0x0000001e       0x2e c:/programdata/gcc-arm-none-eabi-10.3-2021.10/bin/../lib/gcc/arm-none-eabi/10.3.1/thumb/v7e-m/nofp/crtbegin.o
 .ARM.attributes
                0x0000004c       0x2e CMakeFiles/AD9959_H7.elf.dir/Core/Src/gpio.c.obj
 .ARM.attributes
                0x0000007a       0x2e CMakeFiles/AD9959_H7.elf.dir/Core/Src/main.c.obj
 .ARM.attributes
                0x000000a8       0x2e CMakeFiles/AD9959_H7.elf.dir/Core/Src/myad9959.c.obj
 .ARM.attributes
                0x000000d6       0x2e CMakeFiles/AD9959_H7.elf.dir/Core/Src/stm32h7xx_hal_msp.c.obj
 .ARM.attributes
                0x00000104       0x2e CMakeFiles/AD9959_H7.elf.dir/Core/Src/stm32h7xx_it.c.obj
 .ARM.attributes
                0x00000132       0x2e CMakeFiles/AD9959_H7.elf.dir/Core/Src/system_stm32h7xx.c.obj
 .ARM.attributes
                0x00000160       0x21 CMakeFiles/AD9959_H7.elf.dir/Core/Startup/startup_stm32h743vitx.s.obj
 .ARM.attributes
                0x00000181       0x2e CMakeFiles/AD9959_H7.elf.dir/Drivers/STM32H7xx_HAL_Driver/Src/stm32h7xx_hal.c.obj
 .ARM.attributes
                0x000001af       0x2e CMakeFiles/AD9959_H7.elf.dir/Drivers/STM32H7xx_HAL_Driver/Src/stm32h7xx_hal_cortex.c.obj
 .ARM.attributes
                0x000001dd       0x2e CMakeFiles/AD9959_H7.elf.dir/Drivers/STM32H7xx_HAL_Driver/Src/stm32h7xx_hal_gpio.c.obj
 .ARM.attributes
                0x0000020b       0x2e CMakeFiles/AD9959_H7.elf.dir/Drivers/STM32H7xx_HAL_Driver/Src/stm32h7xx_hal_pwr_ex.c.obj
 .ARM.attributes
                0x00000239       0x2e CMakeFiles/AD9959_H7.elf.dir/Drivers/STM32H7xx_HAL_Driver/Src/stm32h7xx_hal_rcc.c.obj
 .ARM.attributes
                0x00000267       0x1e c:/programdata/gcc-arm-none-eabi-10.3-2021.10/bin/../lib/gcc/arm-none-eabi/10.3.1/thumb/v7e-m/nofp\libgcc.a(_arm_muldf3.o)
 .ARM.attributes
                0x00000285       0x1e c:/programdata/gcc-arm-none-eabi-10.3-2021.10/bin/../lib/gcc/arm-none-eabi/10.3.1/thumb/v7e-m/nofp\libgcc.a(_arm_addsubdf3.o)
 .ARM.attributes
                0x000002a3       0x1e c:/programdata/gcc-arm-none-eabi-10.3-2021.10/bin/../lib/gcc/arm-none-eabi/10.3.1/thumb/v7e-m/nofp\libgcc.a(_arm_fixunsdfsi.o)
 .ARM.attributes
                0x000002c1       0x1e c:/programdata/gcc-arm-none-eabi-10.3-2021.10/bin/../lib/gcc/arm-none-eabi/10.3.1/thumb/v7e-m/nofp\libgcc.a(_arm_addsubsf3.o)
 .ARM.attributes
                0x000002df       0x1e c:/programdata/gcc-arm-none-eabi-10.3-2021.10/bin/../lib/gcc/arm-none-eabi/10.3.1/thumb/v7e-m/nofp\libgcc.a(_arm_muldivsf3.o)
 .ARM.attributes
                0x000002fd       0x1e c:/programdata/gcc-arm-none-eabi-10.3-2021.10/bin/../lib/gcc/arm-none-eabi/10.3.1/thumb/v7e-m/nofp\libgcc.a(_arm_fixunssfsi.o)
 .ARM.attributes
                0x0000031b       0x2e c:/programdata/gcc-arm-none-eabi-10.3-2021.10/bin/../lib/gcc/arm-none-eabi/10.3.1/../../../../arm-none-eabi/lib/thumb/v7e-m/nofp\libg.a(lib_a-impure.o)
 .ARM.attributes
                0x00000349       0x2e c:/programdata/gcc-arm-none-eabi-10.3-2021.10/bin/../lib/gcc/arm-none-eabi/10.3.1/../../../../arm-none-eabi/lib/thumb/v7e-m/nofp\libg.a(lib_a-init.o)
 .ARM.attributes
                0x00000377       0x2e c:/programdata/gcc-arm-none-eabi-10.3-2021.10/bin/../lib/gcc/arm-none-eabi/10.3.1/../../../../arm-none-eabi/lib/thumb/v7e-m/nofp\libg.a(lib_a-memset.o)
 .ARM.attributes
                0x000003a5       0x2e c:/programdata/gcc-arm-none-eabi-10.3-2021.10/bin/../lib/gcc/arm-none-eabi/10.3.1/../../../../arm-none-eabi/lib/thumb/v7e-m/nofp\libg.a(lib_a-__call_atexit.o)
 .ARM.attributes
                0x000003d3       0x2e c:/programdata/gcc-arm-none-eabi-10.3-2021.10/bin/../lib/gcc/arm-none-eabi/10.3.1/../../../../arm-none-eabi/lib/thumb/v7e-m/nofp\libg.a(lib_a-atexit.o)
 .ARM.attributes
                0x00000401       0x2e c:/programdata/gcc-arm-none-eabi-10.3-2021.10/bin/../lib/gcc/arm-none-eabi/10.3.1/../../../../arm-none-eabi/lib/thumb/v7e-m/nofp\libg.a(lib_a-fini.o)
 .ARM.attributes
                0x0000042f       0x2e c:/programdata/gcc-arm-none-eabi-10.3-2021.10/bin/../lib/gcc/arm-none-eabi/10.3.1/../../../../arm-none-eabi/lib/thumb/v7e-m/nofp\libg.a(lib_a-lock.o)
 .ARM.attributes
                0x0000045d       0x2e c:/programdata/gcc-arm-none-eabi-10.3-2021.10/bin/../lib/gcc/arm-none-eabi/10.3.1/../../../../arm-none-eabi/lib/thumb/v7e-m/nofp\libg.a(lib_a-__atexit.o)
 .ARM.attributes
                0x0000048b       0x1e c:/programdata/gcc-arm-none-eabi-10.3-2021.10/bin/../lib/gcc/arm-none-eabi/10.3.1/thumb/v7e-m/nofp/crtn.o
OUTPUT(AD9959_H7.elf elf32-littlearm)
LOAD linker stubs
LOAD c:/programdata/gcc-arm-none-eabi-10.3-2021.10/bin/../lib/gcc/arm-none-eabi/10.3.1/../../../../arm-none-eabi/lib/thumb/v7e-m/nofp\libc.a
LOAD c:/programdata/gcc-arm-none-eabi-10.3-2021.10/bin/../lib/gcc/arm-none-eabi/10.3.1/../../../../arm-none-eabi/lib/thumb/v7e-m/nofp\libm.a
LOAD c:/programdata/gcc-arm-none-eabi-10.3-2021.10/bin/../lib/gcc/arm-none-eabi/10.3.1/thumb/v7e-m/nofp\libgcc.a

.debug_info     0x00000000     0x93e6
 .debug_info    0x00000000      0x709 CMakeFiles/AD9959_H7.elf.dir/Core/Src/gpio.c.obj
 .debug_info    0x00000709      0x973 CMakeFiles/AD9959_H7.elf.dir/Core/Src/main.c.obj
 .debug_info    0x0000107c     0x134e CMakeFiles/AD9959_H7.elf.dir/Core/Src/myad9959.c.obj
 .debug_info    0x000023ca      0x4a0 CMakeFiles/AD9959_H7.elf.dir/Core/Src/stm32h7xx_hal_msp.c.obj
 .debug_info    0x0000286a      0x145 CMakeFiles/AD9959_H7.elf.dir/Core/Src/stm32h7xx_it.c.obj
 .debug_info    0x000029af      0xbba CMakeFiles/AD9959_H7.elf.dir/Core/Src/system_stm32h7xx.c.obj
 .debug_info    0x00003569       0x22 CMakeFiles/AD9959_H7.elf.dir/Core/Startup/startup_stm32h743vitx.s.obj
 .debug_info    0x0000358b     0x16a0 CMakeFiles/AD9959_H7.elf.dir/Drivers/STM32H7xx_HAL_Driver/Src/stm32h7xx_hal.c.obj
 .debug_info    0x00004c2b     0x143d CMakeFiles/AD9959_H7.elf.dir/Drivers/STM32H7xx_HAL_Driver/Src/stm32h7xx_hal_cortex.c.obj
 .debug_info    0x00006068      0xd76 CMakeFiles/AD9959_H7.elf.dir/Drivers/STM32H7xx_HAL_Driver/Src/stm32h7xx_hal_gpio.c.obj
 .debug_info    0x00006dde     0x1238 CMakeFiles/AD9959_H7.elf.dir/Drivers/STM32H7xx_HAL_Driver/Src/stm32h7xx_hal_pwr_ex.c.obj
 .debug_info    0x00008016     0x13d0 CMakeFiles/AD9959_H7.elf.dir/Drivers/STM32H7xx_HAL_Driver/Src/stm32h7xx_hal_rcc.c.obj

.debug_abbrev   0x00000000     0x15f0
 .debug_abbrev  0x00000000      0x181 CMakeFiles/AD9959_H7.elf.dir/Core/Src/gpio.c.obj
 .debug_abbrev  0x00000181      0x20d CMakeFiles/AD9959_H7.elf.dir/Core/Src/main.c.obj
 .debug_abbrev  0x0000038e      0x237 CMakeFiles/AD9959_H7.elf.dir/Core/Src/myad9959.c.obj
 .debug_abbrev  0x000005c5       0xd7 CMakeFiles/AD9959_H7.elf.dir/Core/Src/stm32h7xx_hal_msp.c.obj
 .debug_abbrev  0x0000069c       0x7e CMakeFiles/AD9959_H7.elf.dir/Core/Src/stm32h7xx_it.c.obj
 .debug_abbrev  0x0000071a      0x17c CMakeFiles/AD9959_H7.elf.dir/Core/Src/system_stm32h7xx.c.obj
 .debug_abbrev  0x00000896       0x12 CMakeFiles/AD9959_H7.elf.dir/Core/Startup/startup_stm32h743vitx.s.obj
 .debug_abbrev  0x000008a8      0x264 CMakeFiles/AD9959_H7.elf.dir/Drivers/STM32H7xx_HAL_Driver/Src/stm32h7xx_hal.c.obj
 .debug_abbrev  0x00000b0c      0x37d CMakeFiles/AD9959_H7.elf.dir/Drivers/STM32H7xx_HAL_Driver/Src/stm32h7xx_hal_cortex.c.obj
 .debug_abbrev  0x00000e89      0x240 CMakeFiles/AD9959_H7.elf.dir/Drivers/STM32H7xx_HAL_Driver/Src/stm32h7xx_hal_gpio.c.obj
 .debug_abbrev  0x000010c9      0x29b CMakeFiles/AD9959_H7.elf.dir/Drivers/STM32H7xx_HAL_Driver/Src/stm32h7xx_hal_pwr_ex.c.obj
 .debug_abbrev  0x00001364      0x28c CMakeFiles/AD9959_H7.elf.dir/Drivers/STM32H7xx_HAL_Driver/Src/stm32h7xx_hal_rcc.c.obj

.debug_aranges  0x00000000      0x640
 .debug_aranges
                0x00000000       0x20 CMakeFiles/AD9959_H7.elf.dir/Core/Src/gpio.c.obj
 .debug_aranges
                0x00000020       0x38 CMakeFiles/AD9959_H7.elf.dir/Core/Src/main.c.obj
 .debug_aranges
                0x00000058       0x80 CMakeFiles/AD9959_H7.elf.dir/Core/Src/myad9959.c.obj
 .debug_aranges
                0x000000d8       0x20 CMakeFiles/AD9959_H7.elf.dir/Core/Src/stm32h7xx_hal_msp.c.obj
 .debug_aranges
                0x000000f8       0x60 CMakeFiles/AD9959_H7.elf.dir/Core/Src/stm32h7xx_it.c.obj
 .debug_aranges
                0x00000158       0x30 CMakeFiles/AD9959_H7.elf.dir/Core/Src/system_stm32h7xx.c.obj
 .debug_aranges
                0x00000188       0x28 CMakeFiles/AD9959_H7.elf.dir/Core/Startup/startup_stm32h743vitx.s.obj
 .debug_aranges
                0x000001b0      0x198 CMakeFiles/AD9959_H7.elf.dir/Drivers/STM32H7xx_HAL_Driver/Src/stm32h7xx_hal.c.obj
 .debug_aranges
                0x00000348       0xc0 CMakeFiles/AD9959_H7.elf.dir/Drivers/STM32H7xx_HAL_Driver/Src/stm32h7xx_hal_cortex.c.obj
 .debug_aranges
                0x00000408       0x58 CMakeFiles/AD9959_H7.elf.dir/Drivers/STM32H7xx_HAL_Driver/Src/stm32h7xx_hal_gpio.c.obj
 .debug_aranges
                0x00000460      0x158 CMakeFiles/AD9959_H7.elf.dir/Drivers/STM32H7xx_HAL_Driver/Src/stm32h7xx_hal_pwr_ex.c.obj
 .debug_aranges
                0x000005b8       0x88 CMakeFiles/AD9959_H7.elf.dir/Drivers/STM32H7xx_HAL_Driver/Src/stm32h7xx_hal_rcc.c.obj

.debug_ranges   0x00000000      0x6d0
 .debug_ranges  0x00000000       0x10 CMakeFiles/AD9959_H7.elf.dir/Core/Src/gpio.c.obj
 .debug_ranges  0x00000010       0x28 CMakeFiles/AD9959_H7.elf.dir/Core/Src/main.c.obj
 .debug_ranges  0x00000038       0x88 CMakeFiles/AD9959_H7.elf.dir/Core/Src/myad9959.c.obj
 .debug_ranges  0x000000c0       0x10 CMakeFiles/AD9959_H7.elf.dir/Core/Src/stm32h7xx_hal_msp.c.obj
 .debug_ranges  0x000000d0       0x50 CMakeFiles/AD9959_H7.elf.dir/Core/Src/stm32h7xx_it.c.obj
 .debug_ranges  0x00000120       0x20 CMakeFiles/AD9959_H7.elf.dir/Core/Src/system_stm32h7xx.c.obj
 .debug_ranges  0x00000140       0x20 CMakeFiles/AD9959_H7.elf.dir/Core/Startup/startup_stm32h743vitx.s.obj
 .debug_ranges  0x00000160      0x188 CMakeFiles/AD9959_H7.elf.dir/Drivers/STM32H7xx_HAL_Driver/Src/stm32h7xx_hal.c.obj
 .debug_ranges  0x000002e8      0x110 CMakeFiles/AD9959_H7.elf.dir/Drivers/STM32H7xx_HAL_Driver/Src/stm32h7xx_hal_cortex.c.obj
 .debug_ranges  0x000003f8       0x48 CMakeFiles/AD9959_H7.elf.dir/Drivers/STM32H7xx_HAL_Driver/Src/stm32h7xx_hal_gpio.c.obj
 .debug_ranges  0x00000440      0x1a8 CMakeFiles/AD9959_H7.elf.dir/Drivers/STM32H7xx_HAL_Driver/Src/stm32h7xx_hal_pwr_ex.c.obj
 .debug_ranges  0x000005e8       0xe8 CMakeFiles/AD9959_H7.elf.dir/Drivers/STM32H7xx_HAL_Driver/Src/stm32h7xx_hal_rcc.c.obj

.debug_line     0x00000000     0x4dc6
 .debug_line    0x00000000      0x280 CMakeFiles/AD9959_H7.elf.dir/Core/Src/gpio.c.obj
 .debug_line    0x00000280      0x4eb CMakeFiles/AD9959_H7.elf.dir/Core/Src/main.c.obj
 .debug_line    0x0000076b      0x63a CMakeFiles/AD9959_H7.elf.dir/Core/Src/myad9959.c.obj
 .debug_line    0x00000da5      0x1a6 CMakeFiles/AD9959_H7.elf.dir/Core/Src/stm32h7xx_hal_msp.c.obj
 .debug_line    0x00000f4b      0x1d5 CMakeFiles/AD9959_H7.elf.dir/Core/Src/stm32h7xx_it.c.obj
 .debug_line    0x00001120      0x49d CMakeFiles/AD9959_H7.elf.dir/Core/Src/system_stm32h7xx.c.obj
 .debug_line    0x000015bd       0xb4 CMakeFiles/AD9959_H7.elf.dir/Core/Startup/startup_stm32h743vitx.s.obj
 .debug_line    0x00001671      0x96a CMakeFiles/AD9959_H7.elf.dir/Drivers/STM32H7xx_HAL_Driver/Src/stm32h7xx_hal.c.obj
 .debug_line    0x00001fdb      0x85f CMakeFiles/AD9959_H7.elf.dir/Drivers/STM32H7xx_HAL_Driver/Src/stm32h7xx_hal_cortex.c.obj
 .debug_line    0x0000283a      0x733 CMakeFiles/AD9959_H7.elf.dir/Drivers/STM32H7xx_HAL_Driver/Src/stm32h7xx_hal_gpio.c.obj
 .debug_line    0x00002f6d      0xb3f CMakeFiles/AD9959_H7.elf.dir/Drivers/STM32H7xx_HAL_Driver/Src/stm32h7xx_hal_pwr_ex.c.obj
 .debug_line    0x00003aac     0x131a CMakeFiles/AD9959_H7.elf.dir/Drivers/STM32H7xx_HAL_Driver/Src/stm32h7xx_hal_rcc.c.obj

.debug_str      0x00000000     0x2b7d
 .debug_str     0x00000000      0x48c CMakeFiles/AD9959_H7.elf.dir/Core/Src/gpio.c.obj
                                0x4ed (size before relaxing)
 .debug_str     0x0000048c      0x411 CMakeFiles/AD9959_H7.elf.dir/Core/Src/main.c.obj
                                0x62f (size before relaxing)
 .debug_str     0x0000089d      0x1a6 CMakeFiles/AD9959_H7.elf.dir/Core/Src/myad9959.c.obj
                                0x442 (size before relaxing)
 .debug_str     0x00000a43       0x57 CMakeFiles/AD9959_H7.elf.dir/Core/Src/stm32h7xx_hal_msp.c.obj
                                0x43c (size before relaxing)
 .debug_str     0x00000a9a       0xe2 CMakeFiles/AD9959_H7.elf.dir/Core/Src/stm32h7xx_it.c.obj
                                0x289 (size before relaxing)
 .debug_str     0x00000b7c      0x2bb CMakeFiles/AD9959_H7.elf.dir/Core/Src/system_stm32h7xx.c.obj
                                0x6f1 (size before relaxing)
 .debug_str     0x00000e37       0x61 CMakeFiles/AD9959_H7.elf.dir/Core/Startup/startup_stm32h743vitx.s.obj
                                 0xa1 (size before relaxing)
 .debug_str     0x00000e98      0xf69 CMakeFiles/AD9959_H7.elf.dir/Drivers/STM32H7xx_HAL_Driver/Src/stm32h7xx_hal.c.obj
                               0x14fa (size before relaxing)
 .debug_str     0x00001e01      0x518 CMakeFiles/AD9959_H7.elf.dir/Drivers/STM32H7xx_HAL_Driver/Src/stm32h7xx_hal_cortex.c.obj
                               0x10ca (size before relaxing)
 .debug_str     0x00002319      0x128 CMakeFiles/AD9959_H7.elf.dir/Drivers/STM32H7xx_HAL_Driver/Src/stm32h7xx_hal_gpio.c.obj
                                0x71e (size before relaxing)
 .debug_str     0x00002441      0x57f CMakeFiles/AD9959_H7.elf.dir/Drivers/STM32H7xx_HAL_Driver/Src/stm32h7xx_hal_pwr_ex.c.obj
                                0xa93 (size before relaxing)
 .debug_str     0x000029c0      0x1bd CMakeFiles/AD9959_H7.elf.dir/Drivers/STM32H7xx_HAL_Driver/Src/stm32h7xx_hal_rcc.c.obj
                                0xaa6 (size before relaxing)

.comment        0x00000000       0x49
 .comment       0x00000000       0x49 CMakeFiles/AD9959_H7.elf.dir/Core/Src/gpio.c.obj
                                 0x4a (size before relaxing)
 .comment       0x00000049       0x4a CMakeFiles/AD9959_H7.elf.dir/Core/Src/main.c.obj
 .comment       0x00000049       0x4a CMakeFiles/AD9959_H7.elf.dir/Core/Src/myad9959.c.obj
 .comment       0x00000049       0x4a CMakeFiles/AD9959_H7.elf.dir/Core/Src/stm32h7xx_hal_msp.c.obj
 .comment       0x00000049       0x4a CMakeFiles/AD9959_H7.elf.dir/Core/Src/stm32h7xx_it.c.obj
 .comment       0x00000049       0x4a CMakeFiles/AD9959_H7.elf.dir/Core/Src/system_stm32h7xx.c.obj
 .comment       0x00000049       0x4a CMakeFiles/AD9959_H7.elf.dir/Drivers/STM32H7xx_HAL_Driver/Src/stm32h7xx_hal.c.obj
 .comment       0x00000049       0x4a CMakeFiles/AD9959_H7.elf.dir/Drivers/STM32H7xx_HAL_Driver/Src/stm32h7xx_hal_cortex.c.obj
 .comment       0x00000049       0x4a CMakeFiles/AD9959_H7.elf.dir/Drivers/STM32H7xx_HAL_Driver/Src/stm32h7xx_hal_gpio.c.obj
 .comment       0x00000049       0x4a CMakeFiles/AD9959_H7.elf.dir/Drivers/STM32H7xx_HAL_Driver/Src/stm32h7xx_hal_pwr_ex.c.obj
 .comment       0x00000049       0x4a CMakeFiles/AD9959_H7.elf.dir/Drivers/STM32H7xx_HAL_Driver/Src/stm32h7xx_hal_rcc.c.obj

.debug_frame    0x00000000     0x10f0
 .debug_frame   0x00000000       0x38 CMakeFiles/AD9959_H7.elf.dir/Core/Src/gpio.c.obj
 .debug_frame   0x00000038       0x78 CMakeFiles/AD9959_H7.elf.dir/Core/Src/main.c.obj
 .debug_frame   0x000000b0      0x168 CMakeFiles/AD9959_H7.elf.dir/Core/Src/myad9959.c.obj
 .debug_frame   0x00000218       0x28 CMakeFiles/AD9959_H7.elf.dir/Core/Src/stm32h7xx_hal_msp.c.obj
 .debug_frame   0x00000240       0xa8 CMakeFiles/AD9959_H7.elf.dir/Core/Src/stm32h7xx_it.c.obj
 .debug_frame   0x000002e8       0x50 CMakeFiles/AD9959_H7.elf.dir/Core/Src/system_stm32h7xx.c.obj
 .debug_frame   0x00000338      0x360 CMakeFiles/AD9959_H7.elf.dir/Drivers/STM32H7xx_HAL_Driver/Src/stm32h7xx_hal.c.obj
 .debug_frame   0x00000698      0x178 CMakeFiles/AD9959_H7.elf.dir/Drivers/STM32H7xx_HAL_Driver/Src/stm32h7xx_hal_cortex.c.obj
 .debug_frame   0x00000810       0xd0 CMakeFiles/AD9959_H7.elf.dir/Drivers/STM32H7xx_HAL_Driver/Src/stm32h7xx_hal_gpio.c.obj
 .debug_frame   0x000008e0      0x2f4 CMakeFiles/AD9959_H7.elf.dir/Drivers/STM32H7xx_HAL_Driver/Src/stm32h7xx_hal_pwr_ex.c.obj
 .debug_frame   0x00000bd4      0x188 CMakeFiles/AD9959_H7.elf.dir/Drivers/STM32H7xx_HAL_Driver/Src/stm32h7xx_hal_rcc.c.obj
 .debug_frame   0x00000d5c       0x30 c:/programdata/gcc-arm-none-eabi-10.3-2021.10/bin/../lib/gcc/arm-none-eabi/10.3.1/thumb/v7e-m/nofp\libgcc.a(_arm_muldf3.o)
 .debug_frame   0x00000d8c       0xac c:/programdata/gcc-arm-none-eabi-10.3-2021.10/bin/../lib/gcc/arm-none-eabi/10.3.1/thumb/v7e-m/nofp\libgcc.a(_arm_addsubdf3.o)
 .debug_frame   0x00000e38       0x24 c:/programdata/gcc-arm-none-eabi-10.3-2021.10/bin/../lib/gcc/arm-none-eabi/10.3.1/thumb/v7e-m/nofp\libgcc.a(_arm_fixunsdfsi.o)
 .debug_frame   0x00000e5c       0x4c c:/programdata/gcc-arm-none-eabi-10.3-2021.10/bin/../lib/gcc/arm-none-eabi/10.3.1/thumb/v7e-m/nofp\libgcc.a(_arm_addsubsf3.o)
 .debug_frame   0x00000ea8       0x38 c:/programdata/gcc-arm-none-eabi-10.3-2021.10/bin/../lib/gcc/arm-none-eabi/10.3.1/thumb/v7e-m/nofp\libgcc.a(_arm_muldivsf3.o)
 .debug_frame   0x00000ee0       0x24 c:/programdata/gcc-arm-none-eabi-10.3-2021.10/bin/../lib/gcc/arm-none-eabi/10.3.1/thumb/v7e-m/nofp\libgcc.a(_arm_fixunssfsi.o)
 .debug_frame   0x00000f04       0x2c c:/programdata/gcc-arm-none-eabi-10.3-2021.10/bin/../lib/gcc/arm-none-eabi/10.3.1/../../../../arm-none-eabi/lib/thumb/v7e-m/nofp\libg.a(lib_a-init.o)
 .debug_frame   0x00000f30       0x2c c:/programdata/gcc-arm-none-eabi-10.3-2021.10/bin/../lib/gcc/arm-none-eabi/10.3.1/../../../../arm-none-eabi/lib/thumb/v7e-m/nofp\libg.a(lib_a-memset.o)
 .debug_frame   0x00000f5c       0x5c c:/programdata/gcc-arm-none-eabi-10.3-2021.10/bin/../lib/gcc/arm-none-eabi/10.3.1/../../../../arm-none-eabi/lib/thumb/v7e-m/nofp\libg.a(lib_a-__call_atexit.o)
 .debug_frame   0x00000fb8       0x20 c:/programdata/gcc-arm-none-eabi-10.3-2021.10/bin/../lib/gcc/arm-none-eabi/10.3.1/../../../../arm-none-eabi/lib/thumb/v7e-m/nofp\libg.a(lib_a-atexit.o)
 .debug_frame   0x00000fd8       0x34 c:/programdata/gcc-arm-none-eabi-10.3-2021.10/bin/../lib/gcc/arm-none-eabi/10.3.1/../../../../arm-none-eabi/lib/thumb/v7e-m/nofp\libg.a(lib_a-fini.o)
 .debug_frame   0x0000100c       0xb0 c:/programdata/gcc-arm-none-eabi-10.3-2021.10/bin/../lib/gcc/arm-none-eabi/10.3.1/../../../../arm-none-eabi/lib/thumb/v7e-m/nofp\libg.a(lib_a-lock.o)
 .debug_frame   0x000010bc       0x34 c:/programdata/gcc-arm-none-eabi-10.3-2021.10/bin/../lib/gcc/arm-none-eabi/10.3.1/../../../../arm-none-eabi/lib/thumb/v7e-m/nofp\libg.a(lib_a-__atexit.o)

.debug_loc      0x00000000     0x2651
 .debug_loc     0x00000000      0x6d8 CMakeFiles/AD9959_H7.elf.dir/Core/Src/myad9959.c.obj
 .debug_loc     0x000006d8      0x21e CMakeFiles/AD9959_H7.elf.dir/Core/Src/system_stm32h7xx.c.obj
 .debug_loc     0x000008f6      0x3fa CMakeFiles/AD9959_H7.elf.dir/Drivers/STM32H7xx_HAL_Driver/Src/stm32h7xx_hal.c.obj
 .debug_loc     0x00000cf0      0x726 CMakeFiles/AD9959_H7.elf.dir/Drivers/STM32H7xx_HAL_Driver/Src/stm32h7xx_hal_cortex.c.obj
 .debug_loc     0x00001416      0x3c6 CMakeFiles/AD9959_H7.elf.dir/Drivers/STM32H7xx_HAL_Driver/Src/stm32h7xx_hal_gpio.c.obj
 .debug_loc     0x000017dc      0x4df CMakeFiles/AD9959_H7.elf.dir/Drivers/STM32H7xx_HAL_Driver/Src/stm32h7xx_hal_pwr_ex.c.obj
 .debug_loc     0x00001cbb      0x996 CMakeFiles/AD9959_H7.elf.dir/Drivers/STM32H7xx_HAL_Driver/Src/stm32h7xx_hal_rcc.c.obj
